ARM Linker, 4.1 [Build 894] [Standard]

==============================================================================

Section Cross References

    main.o(i.fputc) refers to stm32f10x_usart.o(i.USART_SendData) for USART_SendData
    main.o(i.fputc) refers to stm32f10x_usart.o(i.USART_GetFlagStatus) for USART_GetFlagStatus
    main.o(i.iap_i2c_init) refers to watchdog.o(i.watchdog_reset) for watchdog_reset
    main.o(i.iap_i2c_init) refers to stm32f10x_flash.o(i.FLASH_Unlock) for FLASH_Unlock
    main.o(i.iap_i2c_init) refers to config.o(i.NVIC_Configuration) for NVIC_Configuration
    main.o(i.iap_i2c_init) refers to stm32f10x_i2c.o(i.I2C_DeInit) for I2C_DeInit
    main.o(i.iap_i2c_init) refers to stm32f10x_i2c.o(i.I2C_Init) for I2C_Init
    main.o(i.iap_i2c_init) refers to main.o(.bss) for .bss
    main.o(i.iap_i2c_loop) refers to watchdog.o(i.watchdog_reset) for watchdog_reset
    main.o(i.iap_i2c_loop) refers to stm32f10x_i2c.o(i.I2C_ITConfig) for I2C_ITConfig
    main.o(i.iap_i2c_loop) refers to commands.o(i.Read_Opcode) for Read_Opcode
    main.o(i.iap_i2c_loop) refers to commands.o(i.Write_Memory_Command) for Write_Memory_Command
    main.o(i.iap_i2c_loop) refers to core_cm3.o(.emb_text) for __set_MSP
    main.o(i.iap_i2c_loop) refers to commands.o(i.Read_Memory_Command) for Read_Memory_Command
    main.o(i.iap_i2c_loop) refers to commands.o(i.Erase_Page_Command) for Erase_Page_Command
    main.o(i.iap_i2c_loop) refers to commands.o(i.User_Space_Memory_Erase_Command) for User_Space_Memory_Erase_Command
    main.o(i.iap_i2c_loop) refers to main.o(.data) for .data
    main.o(i.iap_i2c_try_loop) refers to system_tick.o(i.SysTick_Get) for SysTick_Get
    main.o(i.iap_i2c_try_loop) refers to watchdog.o(i.watchdog_reset) for watchdog_reset
    main.o(i.iap_i2c_try_loop) refers to stm32f10x_i2c.o(i.I2C_ITConfig) for I2C_ITConfig
    main.o(i.iap_i2c_try_loop) refers to commands.o(i.Read_Opcode) for Read_Opcode
    main.o(i.iap_i2c_try_loop) refers to commands.o(i.Read_Memory_Command) for Read_Memory_Command
    main.o(i.iap_i2c_try_loop) refers to commands.o(i.Write_Memory_Command) for Write_Memory_Command
    main.o(i.iap_i2c_try_loop) refers to commands.o(i.Erase_Page_Command) for Erase_Page_Command
    main.o(i.iap_i2c_try_loop) refers to commands.o(i.User_Space_Memory_Erase_Command) for User_Space_Memory_Erase_Command
    main.o(i.iap_i2c_try_loop) refers to core_cm3.o(.emb_text) for __set_MSP
    main.o(i.iap_i2c_try_loop) refers to system_tick.o(i.IsOnTime) for IsOnTime
    main.o(i.iap_i2c_try_loop) refers to main.o(.data) for .data
    main.o(i.init_uart) refers to stm32f10x_rcc.o(i.RCC_APB2PeriphClockCmd) for RCC_APB2PeriphClockCmd
    main.o(i.init_uart) refers to watchdog.o(i.watchdog_reset) for watchdog_reset
    main.o(i.init_uart) refers to stm32f10x_gpio.o(i.GPIO_Init) for GPIO_Init
    main.o(i.init_uart) refers to stm32f10x_usart.o(i.USART_Init) for USART_Init
    main.o(i.init_uart) refers to stm32f10x_usart.o(i.USART_Cmd) for USART_Cmd
    main.o(i.main) refers to config.o(i.RCC_Configuration) for RCC_Configuration
    main.o(i.main) refers to config.o(i.GPIO_Configuration) for GPIO_Configuration
    main.o(i.main) refers to watchdog.o(i.watchdog_init) for watchdog_init
    main.o(i.main) refers to main.o(i.init_uart) for init_uart
    main.o(i.main) refers to printf8.o(i.__0printf$8) for __2printf
    main.o(i.main) refers to main.o(i.iap_i2c_init) for iap_i2c_init
    main.o(i.main) refers to system_tick.o(i.SysTick_Start) for SysTick_Start
    main.o(i.main) refers to stm32f10x_bkp.o(i.BKP_ReadBackupRegister) for BKP_ReadBackupRegister
    main.o(i.main) refers to main.o(i.iap_i2c_try_loop) for iap_i2c_try_loop
    main.o(i.main) refers to core_cm3.o(.emb_text) for __set_MSP
    main.o(i.main) refers to watchdog.o(i.watchdog_reset) for watchdog_reset
    main.o(i.main) refers to stm32f10x_bkp.o(i.BKP_WriteBackupRegister) for BKP_WriteBackupRegister
    main.o(i.main) refers to main.o(i.iap_i2c_loop) for iap_i2c_loop
    main.o(i.main) refers to main.o(.data) for .data
    config.o(i.GPIO_Configuration) refers to stm32f10x_gpio.o(i.GPIO_Init) for GPIO_Init
    config.o(i.NVIC_Configuration) refers to misc.o(i.NVIC_SetVectorTable) for NVIC_SetVectorTable
    config.o(i.NVIC_Configuration) refers to misc.o(i.NVIC_PriorityGroupConfig) for NVIC_PriorityGroupConfig
    config.o(i.NVIC_Configuration) refers to misc.o(i.NVIC_Init) for NVIC_Init
    config.o(i.NVIC_Configuration) refers to config.o(.data) for .data
    config.o(i.RCC_Configuration) refers to stm32f10x_rcc.o(i.RCC_APB1PeriphClockCmd) for RCC_APB1PeriphClockCmd
    config.o(i.RCC_Configuration) refers to stm32f10x_rcc.o(i.RCC_APB2PeriphClockCmd) for RCC_APB2PeriphClockCmd
    commands.o(i.Erase_Page) refers to stm32f10x_flash.o(i.FLASH_ClearFlag) for FLASH_ClearFlag
    commands.o(i.Erase_Page) refers to printf8.o(i.__0printf$8) for __2printf
[...]
    commands.o(i.Erase_Page_Command) refers to commands.o(i.Erase_Page) for Erase_Page
    commands.o(i.Erase_Page_Command) refers to main.o(.data) for opcode
    commands.o(i.Erase_Page_Command) refers to commands.o(.data) for .data
    commands.o(i.Read_Add) refers to commands.o(.bss) for .bss
    commands.o(i.Read_Byte_Page_Number) refers to commands.o(.bss) for .bss
    commands.o(i.Read_Memory_Command) refers to watchdog.o(i.watchdog_reset) for watchdog_reset
    commands.o(i.Read_Memory_Command) refers to stm32f10x_i2c.o(i.I2C_ITConfig) for I2C_ITConfig
    commands.o(i.Read_Memory_Command) refers to commands.o(i.Read_Add) for Read_Add
    commands.o(i.Read_Memory_Command) refers to stm32f10x_i2c.o(i.I2C_GetFlagStatus) for I2C_GetFlagStatus
    commands.o(i.Read_Memory_Command) refers to printf8.o(i.__0printf$8) for __2printf
    commands.o(i.Read_Memory_Command) refers to stm32f10x_it.o(.data) for Rx_Idx
    commands.o(i.Read_Memory_Command) refers to commands.o(.bss) for .bss
    commands.o(i.Read_Memory_Command) refers to commands.o(.data) for .data
    commands.o(i.Read_Memory_Command) refers to main.o(.data) for opcode
    commands.o(i.Read_Opcode) refers to commands.o(.bss) for .bss
    commands.o(i.User_Space_Memory_Erase_Command) refers to commands.o(i.Erase_Page) for Erase_Page
    commands.o(i.User_Space_Memory_Erase_Command) refers to main.o(.data) for opcode
    commands.o(i.Write_Memory_Command) refers to watchdog.o(i.watchdog_reset) for watchdog_reset
    commands.o(i.Write_Memory_Command) refers to commands.o(i.Read_Add) for Read_Add
    commands.o(i.Write_Memory_Command) refers to commands.o(i.Read_Byte_Page_Number) for Read_Byte_Page_Number
    commands.o(i.Write_Memory_Command) refers to printf8.o(i.__0printf$8) for __2printf
    commands.o(i.Write_Memory_Command) refers to commands.o(i.Erase_Page) for Erase_Page
    commands.o(i.Write_Memory_Command) refers to stm32f10x_flash.o(i.FLASH_ProgramHalfWord) for FLASH_ProgramHalfWord
    commands.o(i.Write_Memory_Command) refers to main.o(.data) for opcode
    commands.o(i.Write_Memory_Command) refers to stm32f10x_it.o(.data) for Rx_Idx
    commands.o(i.Write_Memory_Command) refers to commands.o(.data) for .data
    commands.o(i.Write_Memory_Command) refers to commands.o(.bss) for .bss
    stm32f10x_it.o(i.I2C1_ER_IRQHandler) refers to stm32f10x_i2c.o(i.I2C_GetITStatus) for I2C_GetITStatus
    stm32f10x_it.o(i.I2C1_ER_IRQHandler) refers to stm32f10x_i2c.o(i.I2C_ClearITPendingBit) for I2C_ClearITPendingBit
    stm32f10x_it.o(i.I2C1_ER_IRQHandler) refers to stm32f10x_it.o(.data) for .data
    stm32f10x_it.o(i.I2C1_ER_IRQHandler) refers to main.o(.data) for i2c_event
    stm32f10x_it.o(i.I2C1_EV_IRQHandler) refers to stm32f10x_i2c.o(i.I2C_GetLastEvent) for I2C_GetLastEvent
    stm32f10x_it.o(i.I2C1_EV_IRQHandler) refers to stm32f10x_i2c.o(i.I2C_Cmd) for I2C_Cmd
    stm32f10x_it.o(i.I2C1_EV_IRQHandler) refers to stm32f10x_i2c.o(i.I2C_SendData) for I2C_SendData
    stm32f10x_it.o(i.I2C1_EV_IRQHandler) refers to stm32f10x_i2c.o(i.I2C_ReceiveData) for I2C_ReceiveData
    stm32f10x_it.o(i.I2C1_EV_IRQHandler) refers to stm32f10x_it.o(.data) for .data
    stm32f10x_it.o(i.I2C1_EV_IRQHandler) refers to main.o(.data) for i2c_event
    stm32f10x_it.o(i.I2C1_EV_IRQHandler) refers to commands.o(.bss) for I2C_CH_Buffer_Tx
    stm32f10x_it.o(i.SysTick_Handler) refers to system_tick.o(i.SysTick_Incremental) for SysTick_Incremental
    system_tick.o(i.Delay1ms) refers to system_tick.o(i.SysTick_Compare) for SysTick_Compare
    system_tick.o(i.Delay1ms) refers to system_tick.o(.data) for .data
    system_tick.o(i.IsOnTime) refers to system_tick.o(i.SysTick_Compare) for SysTick_Compare
    system_tick.o(i.IsOnTime) refers to system_tick.o(.data) for .data
    system_tick.o(i.IsOverTime) refers to system_tick.o(i.SysTick_Compare) for SysTick_Compare
    system_tick.o(i.IsOverTime) refers to system_tick.o(.data) for .data
    system_tick.o(i.SysTick_Get) refers to system_tick.o(.data) for .data
    system_tick.o(i.SysTick_Incremental) refers to system_tick.o(.data) for .data
    system_tick.o(i.SysTick_Start) refers to stm32f10x_rcc.o(i.RCC_GetClocksFreq) for RCC_GetClocksFreq
    system_tick.o(i.SysTick_Start) refers to system_tick.o(.data) for .data
    system_tick.o(i.SysTick_Start) refers to system_tick.o(.bss) for .bss
    watchdog.o(i.watchdog_init) refers to watchdog.o(i.watchdog_pin_init) for watchdog_pin_init
    watchdog.o(i.watchdog_pin_init) refers to stm32f10x_rcc.o(i.RCC_APB2PeriphClockCmd) for RCC_APB2PeriphClockCmd
    watchdog.o(i.watchdog_pin_init) refers to stm32f10x_gpio.o(i.GPIO_Init) for GPIO_Init
    watchdog.o(i.watchdog_reset) refers to stm32f10x_gpio.o(i.GPIO_ResetBits) for GPIO_ResetBits
    watchdog.o(i.watchdog_reset) refers to stm32f10x_gpio.o(i.GPIO_SetBits) for GPIO_SetBits
    watchdog.o(i.watchdog_reset) refers to watchdog.o(.data) for .data
    stm32f10x_gpio.o(i.GPIO_AFIODeInit) refers to stm32f10x_rcc.o(i.RCC_APB2PeriphResetCmd) for RCC_APB2PeriphResetCmd
    stm32f10x_gpio.o(i.GPIO_DeInit) refers to stm32f10x_rcc.o(i.RCC_APB2PeriphResetCmd) for RCC_APB2PeriphResetCmd
    stm32f10x_rcc.o(i.RCC_GetClocksFreq) refers to stm32f10x_rcc.o(.data) for .data
    stm32f10x_rcc.o(i.RCC_WaitForHSEStartUp) refers to stm32f10x_rcc.o(i.RCC_GetFlagStatus) for RCC_GetFlagStatus
    stm32f10x_flash.o(i.FLASH_EnableWriteProtection) refers to stm32f10x_flash.o(i.FLASH_WaitForLastOperation) for FLASH_WaitForLastOperation
    stm32f10x_flash.o(i.FLASH_EraseAllBank1Pages) refers to stm32f10x_flash.o(i.FLASH_WaitForLastBank1Operation) for FLASH_WaitForLastBank1Operation
    stm32f10x_flash.o(i.FLASH_EraseAllPages) refers to stm32f10x_flash.o(i.FLASH_WaitForLastOperation) for FLASH_WaitForLastOperation
    stm32f10x_flash.o(i.FLASH_EraseOptionBytes) refers to stm32f10x_flash.o(i.FLASH_GetReadOutProtectionStatus) for FLASH_GetReadOutProtectionStatus
    stm32f10x_flash.o(i.FLASH_EraseOptionBytes) refers to stm32f10x_flash.o(i.FLASH_WaitForLastOperation) for FLASH_WaitForLastOperation
    stm32f10x_flash.o(i.FLASH_ErasePage) refers to stm32f10x_flash.o(i.FLASH_WaitForLastOperation) for FLASH_WaitForLastOperation
    stm32f10x_flash.o(i.FLASH_ProgramHalfWord) refers to stm32f10x_flash.o(i.FLASH_WaitForLastOperation) for FLASH_WaitForLastOperation
    stm32f10x_flash.o(i.FLASH_ProgramOptionByteData) refers to stm32f10x_flash.o(i.FLASH_WaitForLastOperation) for FLASH_WaitForLastOperation
    stm32f10x_flash.o(i.FLASH_ProgramWord) refers to stm32f10x_flash.o(i.FLASH_WaitForLastOperation) for FLASH_WaitForLastOperation
    stm32f10x_flash.o(i.FLASH_ReadOutProtection) refers to stm32f10x_flash.o(i.FLASH_WaitForLastOperation) for FLASH_WaitForLastOperation
    stm32f10x_flash.o(i.FLASH_UserOptionByteConfig) refers to stm32f10x_flash.o(i.FLASH_WaitForLastOperation) for FLASH_WaitForLastOperation
    stm32f10x_flash.o(i.FLASH_WaitForLastBank1Operation) refers to stm32f10x_flash.o(i.FLASH_GetBank1Status) for FLASH_GetBank1Status
    stm32f10x_flash.o(i.FLASH_WaitForLastOperation) refers to stm32f10x_flash.o(i.FLASH_GetBank1Status) for FLASH_GetBank1Status
    stm32f10x_i2c.o(i.I2C_DeInit) refers to stm32f10x_rcc.o(i.RCC_APB1PeriphResetCmd) for RCC_APB1PeriphResetCmd
    stm32f10x_i2c.o(i.I2C_Init) refers to stm32f10x_rcc.o(i.RCC_GetClocksFreq) for RCC_GetClocksFreq
    stm32f10x_bkp.o(i.BKP_DeInit) refers to stm32f10x_rcc.o(i.RCC_BackupResetCmd) for RCC_BackupResetCmd
    stm32f10x_usart.o(i.USART_DeInit) refers to stm32f10x_rcc.o(i.RCC_APB2PeriphResetCmd) for RCC_APB2PeriphResetCmd
    stm32f10x_usart.o(i.USART_DeInit) refers to stm32f10x_rcc.o(i.RCC_APB1PeriphResetCmd) for RCC_APB1PeriphResetCmd
    stm32f10x_usart.o(i.USART_Init) refers to stm32f10x_rcc.o(i.RCC_GetClocksFreq) for RCC_GetClocksFreq
    startup_stm32f10x_md_vl.o(RESET) refers to startup_stm32f10x_md_vl.o(STACK) for __initial_sp
    startup_stm32f10x_md_vl.o(RESET) refers to startup_stm32f10x_md_vl.o(.text) for Reset_Handler
    startup_stm32f10x_md_vl.o(RESET) refers to stm32f10x_it.o(i.NMI_Handler) for NMI_Handler
    startup_stm32f10x_md_vl.o(RESET) refers to stm32f10x_it.o(i.HardFault_Handler) for HardFault_Handler
    startup_stm32f10x_md_vl.o(RESET) refers to stm32f10x_it.o(i.MemManage_Handler) for MemManage_Handler
    startup_stm32f10x_md_vl.o(RESET) refers to stm32f10x_it.o(i.BusFault_Handler) for BusFault_Handler
    startup_stm32f10x_md_vl.o(RESET) refers to stm32f10x_it.o(i.UsageFault_Handler) for UsageFault_Handler
    startup_stm32f10x_md_vl.o(RESET) refers to stm32f10x_it.o(i.SVC_Handler) for SVC_Handler
    startup_stm32f10x_md_vl.o(RESET) refers to stm32f10x_it.o(i.DebugMon_Handler) for DebugMon_Handler
    startup_stm32f10x_md_vl.o(RESET) refers to stm32f10x_it.o(i.PendSV_Handler) for PendSV_Handler
    startup_stm32f10x_md_vl.o(RESET) refers to stm32f10x_it.o(i.SysTick_Handler) for SysTick_Handler
    startup_stm32f10x_md_vl.o(RESET) refers to stm32f10x_it.o(i.I2C1_EV_IRQHandler) for I2C1_EV_IRQHandler
    startup_stm32f10x_md_vl.o(RESET) refers to stm32f10x_it.o(i.I2C1_ER_IRQHandler) for I2C1_ER_IRQHandler
    startup_stm32f10x_md_vl.o(.text) refers to system_stm32f10x.o(i.SystemInit) for SystemInit
    startup_stm32f10x_md_vl.o(.text) refers to entry.o(.ARM.Collect$$$$00000000) for __main
    system_stm32f10x.o(i.SystemCoreClockUpdate) refers to system_stm32f10x.o(.data) for .data
    system_stm32f10x.o(i.SystemInit) refers to stm32f10x_rcc.o(i.RCC_HSICmd) for RCC_HSICmd
    system_stm32f10x.o(i.SystemInit) refers to stm32f10x_rcc.o(i.RCC_HCLKConfig) for RCC_HCLKConfig
    system_stm32f10x.o(i.SystemInit) refers to stm32f10x_rcc.o(i.RCC_PCLK2Config) for RCC_PCLK2Config
    system_stm32f10x.o(i.SystemInit) refers to stm32f10x_rcc.o(i.RCC_PCLK1Config) for RCC_PCLK1Config
    system_stm32f10x.o(i.SystemInit) refers to stm32f10x_rcc.o(i.RCC_PLLConfig) for RCC_PLLConfig
    system_stm32f10x.o(i.SystemInit) refers to stm32f10x_rcc.o(i.RCC_PLLCmd) for RCC_PLLCmd
    system_stm32f10x.o(i.SystemInit) refers to stm32f10x_rcc.o(i.RCC_GetFlagStatus) for RCC_GetFlagStatus
    system_stm32f10x.o(i.SystemInit) refers to stm32f10x_rcc.o(i.RCC_SYSCLKConfig) for RCC_SYSCLKConfig
    system_stm32f10x.o(i.SystemInit) refers to stm32f10x_rcc.o(i.RCC_GetSYSCLKSource) for RCC_GetSYSCLKSource
    entry.o(.ARM.Collect$$$$00000000) refers (Special) to entry7b.o(.ARM.Collect$$$$00000008) for _main_clock
    entry.o(.ARM.Collect$$$$00000000) refers (Special) to entry8.o(.ARM.Collect$$$$00000009) for _main_init
    entry.o(.ARM.Collect$$$$00000000) refers (Special) to entry5.o(.ARM.Collect$$$$00000004) for _main_scatterload
    entry.o(.ARM.Collect$$$$00000000) refers (Special) to entry2.o(.ARM.Collect$$$$00000001) for _main_stk
    printfb.o(i.__0fprintf$bare) refers to printfb.o(i._printf_core) for _printf_core
    printfb.o(i.__0fprintf$bare) refers to main.o(i.fputc) for fputc
    printfb.o(i.__0printf$bare) refers to printfb.o(i._printf_core) for _printf_core
    printfb.o(i.__0printf$bare) refers to main.o(i.fputc) for fputc
    printfb.o(i.__0printf$bare) refers to stdout.o(.data) for __stdout
    printfb.o(i.__0snprintf$bare) refers to printfb.o(i._printf_core) for _printf_core
    printfb.o(i.__0snprintf$bare) refers to printfb.o(i._snputc) for _snputc
    printfb.o(i.__0sprintf$bare) refers to printfb.o(i._printf_core) for _printf_core
    printfb.o(i.__0sprintf$bare) refers to printfb.o(i._sputc) for _sputc
    printfb.o(i.__0vfprintf$bare) refers to printfb.o(i._printf_core) for _printf_core
    printfb.o(i.__0vfprintf$bare) refers to main.o(i.fputc) for fputc
    printfb.o(i.__0vprintf$bare) refers to printfb.o(i._printf_core) for _printf_core
    printfb.o(i.__0vprintf$bare) refers to main.o(i.fputc) for fputc
    printfb.o(i.__0vprintf$bare) refers to stdout.o(.data) for __stdout
    printfb.o(i.__0vsnprintf$bare) refers to printfb.o(i._printf_core) for _printf_core
    printfb.o(i.__0vsnprintf$bare) refers to printfb.o(i._snputc) for _snputc
    printfb.o(i.__0vsprintf$bare) refers to printfb.o(i._printf_core) for _printf_core
    printfb.o(i.__0vsprintf$bare) refers to printfb.o(i._sputc) for _sputc
    printf0.o(i.__0fprintf$0) refers to printf0.o(i._printf_core) for _printf_core
    printf0.o(i.__0fprintf$0) refers to main.o(i.fputc) for fputc
    printf0.o(i.__0printf$0) refers to printf0.o(i._printf_core) for _printf_core
    printf0.o(i.__0printf$0) refers to main.o(i.fputc) for fputc
    printf0.o(i.__0printf$0) refers to stdout.o(.data) for __stdout
    printf0.o(i.__0snprintf$0) refers to printf0.o(i._printf_core) for _printf_core
    printf0.o(i.__0snprintf$0) refers to printf0.o(i._snputc) for _snputc
    printf0.o(i.__0sprintf$0) refers to printf0.o(i._printf_core) for _printf_core
    printf0.o(i.__0sprintf$0) refers to printf0.o(i._sputc) for _sputc
    printf0.o(i.__0vfprintf$0) refers to printf0.o(i._printf_core) for _printf_core
    printf0.o(i.__0vfprintf$0) refers to main.o(i.fputc) for fputc
    printf0.o(i.__0vprintf$0) refers to printf0.o(i._printf_core) for _printf_core
    printf0.o(i.__0vprintf$0) refers to main.o(i.fputc) for fputc
    printf0.o(i.__0vprintf$0) refers to stdout.o(.data) for __stdout
    printf0.o(i.__0vsnprintf$0) refers to printf0.o(i._printf_core) for _printf_core
    printf0.o(i.__0vsnprintf$0) refers to printf0.o(i._snputc) for _snputc
    printf0.o(i.__0vsprintf$0) refers to printf0.o(i._printf_core) for _printf_core
    printf0.o(i.__0vsprintf$0) refers to printf0.o(i._sputc) for _sputc
    printf1.o(i.__0fprintf$1) refers to printf1.o(i._printf_core) for _printf_core
    printf1.o(i.__0fprintf$1) refers to main.o(i.fputc) for fputc
    printf1.o(i.__0printf$1) refers to printf1.o(i._printf_core) for _printf_core
    printf1.o(i.__0printf$1) refers to main.o(i.fputc) for fputc
    printf1.o(i.__0printf$1) refers to stdout.o(.data) for __stdout
    printf1.o(i.__0snprintf$1) refers to printf1.o(i._printf_core) for _printf_core
    printf1.o(i.__0snprintf$1) refers to printf1.o(i._snputc) for _snputc
    printf1.o(i.__0sprintf$1) refers to printf1.o(i._printf_core) for _printf_core
    printf1.o(i.__0sprintf$1) refers to printf1.o(i._sputc) for _sputc
    printf1.o(i.__0vfprintf$1) refers to printf1.o(i._printf_core) for _printf_core
    printf1.o(i.__0vfprintf$1) refers to main.o(i.fputc) for fputc
    printf1.o(i.__0vprintf$1) refers to printf1.o(i._printf_core) for _printf_core
    printf1.o(i.__0vprintf$1) refers to main.o(i.fputc) for fputc
    printf1.o(i.__0vprintf$1) refers to stdout.o(.data) for __stdout
    printf1.o(i.__0vsnprintf$1) refers to printf1.o(i._printf_core) for _printf_core
    printf1.o(i.__0vsnprintf$1) refers to printf1.o(i._snputc) for _snputc
    printf1.o(i.__0vsprintf$1) refers to printf1.o(i._printf_core) for _printf_core
    printf1.o(i.__0vsprintf$1) refers to printf1.o(i._sputc) for _sputc
    printf1.o(i._printf_core) refers to uidiv.o(.text) for __aeabi_uidivmod
    printf2.o(i.__0fprintf$2) refers to printf2.o(i._printf_core) for _printf_core
    printf2.o(i.__0fprintf$2) refers to main.o(i.fputc) for fputc
    printf2.o(i.__0printf$2) refers to printf2.o(i._printf_core) for _printf_core
    printf2.o(i.__0printf$2) refers to main.o(i.fputc) for fputc
    printf2.o(i.__0printf$2) refers to stdout.o(.data) for __stdout
    printf2.o(i.__0snprintf$2) refers to printf2.o(i._printf_core) for _printf_core
    printf2.o(i.__0snprintf$2) refers to printf2.o(i._snputc) for _snputc
    printf2.o(i.__0sprintf$2) refers to printf2.o(i._printf_core) for _printf_core
    printf2.o(i.__0sprintf$2) refers to printf2.o(i._sputc) for _sputc
    printf2.o(i.__0vfprintf$2) refers to printf2.o(i._printf_core) for _printf_core
    printf2.o(i.__0vfprintf$2) refers to main.o(i.fputc) for fputc
    printf2.o(i.__0vprintf$2) refers to printf2.o(i._printf_core) for _printf_core
    printf2.o(i.__0vprintf$2) refers to main.o(i.fputc) for fputc
    printf2.o(i.__0vprintf$2) refers to stdout.o(.data) for __stdout
    printf2.o(i.__0vsnprintf$2) refers to printf2.o(i._printf_core) for _printf_core
    printf2.o(i.__0vsnprintf$2) refers to printf2.o(i._snputc) for _snputc
    printf2.o(i.__0vsprintf$2) refers to printf2.o(i._printf_core) for _printf_core
    printf2.o(i.__0vsprintf$2) refers to printf2.o(i._sputc) for _sputc
    printf3.o(i.__0fprintf$3) refers to printf3.o(i._printf_core) for _printf_core
    printf3.o(i.__0fprintf$3) refers to main.o(i.fputc) for fputc
    printf3.o(i.__0printf$3) refers to printf3.o(i._printf_core) for _printf_core
    printf3.o(i.__0printf$3) refers to main.o(i.fputc) for fputc
    printf3.o(i.__0printf$3) refers to stdout.o(.data) for __stdout
    printf3.o(i.__0snprintf$3) refers to printf3.o(i._printf_core) for _printf_core
    printf3.o(i.__0snprintf$3) refers to printf3.o(i._snputc) for _snputc
    printf3.o(i.__0sprintf$3) refers to printf3.o(i._printf_core) for _printf_core
    printf3.o(i.__0sprintf$3) refers to printf3.o(i._sputc) for _sputc
    printf3.o(i.__0vfprintf$3) refers to printf3.o(i._printf_core) for _printf_core
    printf3.o(i.__0vfprintf$3) refers to main.o(i.fputc) for fputc
    printf3.o(i.__0vprintf$3) refers to printf3.o(i._printf_core) for _printf_core
    printf3.o(i.__0vprintf$3) refers to main.o(i.fputc) for fputc
    printf3.o(i.__0vprintf$3) refers to stdout.o(.data) for __stdout
    printf3.o(i.__0vsnprintf$3) refers to printf3.o(i._printf_core) for _printf_core
    printf3.o(i.__0vsnprintf$3) refers to printf3.o(i._snputc) for _snputc
    printf3.o(i.__0vsprintf$3) refers to printf3.o(i._printf_core) for _printf_core
    printf3.o(i.__0vsprintf$3) refers to printf3.o(i._sputc) for _sputc
    printf3.o(i._printf_core) refers to uidiv.o(.text) for __aeabi_uidivmod
    printf4.o(i.__0fprintf$4) refers to printf4.o(i._printf_core) for _printf_core
    printf4.o(i.__0fprintf$4) refers to main.o(i.fputc) for fputc
    printf4.o(i.__0printf$4) refers to printf4.o(i._printf_core) for _printf_core
    printf4.o(i.__0printf$4) refers to main.o(i.fputc) for fputc
    printf4.o(i.__0printf$4) refers to stdout.o(.data) for __stdout
    printf4.o(i.__0snprintf$4) refers to printf4.o(i._printf_core) for _printf_core
    printf4.o(i.__0snprintf$4) refers to printf4.o(i._snputc) for _snputc
    printf4.o(i.__0sprintf$4) refers to printf4.o(i._printf_core) for _printf_core
    printf4.o(i.__0sprintf$4) refers to printf4.o(i._sputc) for _sputc
    printf4.o(i.__0vfprintf$4) refers to printf4.o(i._printf_core) for _printf_core
    printf4.o(i.__0vfprintf$4) refers to main.o(i.fputc) for fputc
    printf4.o(i.__0vprintf$4) refers to printf4.o(i._printf_core) for _printf_core
    printf4.o(i.__0vprintf$4) refers to main.o(i.fputc) for fputc
    printf4.o(i.__0vprintf$4) refers to stdout.o(.data) for __stdout
    printf4.o(i.__0vsnprintf$4) refers to printf4.o(i._printf_core) for _printf_core
    printf4.o(i.__0vsnprintf$4) refers to printf4.o(i._snputc) for _snputc
    printf4.o(i.__0vsprintf$4) refers to printf4.o(i._printf_core) for _printf_core
    printf4.o(i.__0vsprintf$4) refers to printf4.o(i._sputc) for _sputc
    printf4.o(i._printf_core) refers to uldiv.o(.text) for __aeabi_uldivmod
    printf5.o(i.__0fprintf$5) refers to printf5.o(i._printf_core) for _printf_core
    printf5.o(i.__0fprintf$5) refers to main.o(i.fputc) for fputc
    printf5.o(i.__0printf$5) refers to printf5.o(i._printf_core) for _printf_core
    printf5.o(i.__0printf$5) refers to main.o(i.fputc) for fputc
    printf5.o(i.__0printf$5) refers to stdout.o(.data) for __stdout
    printf5.o(i.__0snprintf$5) refers to printf5.o(i._printf_core) for _printf_core
    printf5.o(i.__0snprintf$5) refers to printf5.o(i._snputc) for _snputc
    printf5.o(i.__0sprintf$5) refers to printf5.o(i._printf_core) for _printf_core
    printf5.o(i.__0sprintf$5) refers to printf5.o(i._sputc) for _sputc
    printf5.o(i.__0vfprintf$5) refers to printf5.o(i._printf_core) for _printf_core
    printf5.o(i.__0vfprintf$5) refers to main.o(i.fputc) for fputc
    printf5.o(i.__0vprintf$5) refers to printf5.o(i._printf_core) for _printf_core
    printf5.o(i.__0vprintf$5) refers to main.o(i.fputc) for fputc
    printf5.o(i.__0vprintf$5) refers to stdout.o(.data) for __stdout
    printf5.o(i.__0vsnprintf$5) refers to printf5.o(i._printf_core) for _printf_core
    printf5.o(i.__0vsnprintf$5) refers to printf5.o(i._snputc) for _snputc
    printf5.o(i.__0vsprintf$5) refers to printf5.o(i._printf_core) for _printf_core
    printf5.o(i.__0vsprintf$5) refers to printf5.o(i._sputc) for _sputc
    printf5.o(i._printf_core) refers to uldiv.o(.text) for __aeabi_uldivmod
    printf6.o(i.__0fprintf$6) refers to printf6.o(i._printf_core) for _printf_core
    printf6.o(i.__0fprintf$6) refers to main.o(i.fputc) for fputc
    printf6.o(i.__0printf$6) refers to printf6.o(i._printf_core) for _printf_core
    printf6.o(i.__0printf$6) refers to main.o(i.fputc) for fputc
    printf6.o(i.__0printf$6) refers to stdout.o(.data) for __stdout
    printf6.o(i.__0snprintf$6) refers to printf6.o(i._printf_core) for _printf_core
    printf6.o(i.__0snprintf$6) refers to printf6.o(i._snputc) for _snputc
    printf6.o(i.__0sprintf$6) refers to printf6.o(i._printf_core) for _printf_core
    printf6.o(i.__0sprintf$6) refers to printf6.o(i._sputc) for _sputc
    printf6.o(i.__0vfprintf$6) refers to printf6.o(i._printf_core) for _printf_core
    printf6.o(i.__0vfprintf$6) refers to main.o(i.fputc) for fputc
    printf6.o(i.__0vprintf$6) refers to printf6.o(i._printf_core) for _printf_core
    printf6.o(i.__0vprintf$6) refers to main.o(i.fputc) for fputc
    printf6.o(i.__0vprintf$6) refers to stdout.o(.data) for __stdout
    printf6.o(i.__0vsnprintf$6) refers to printf6.o(i._printf_core) for _printf_core
    printf6.o(i.__0vsnprintf$6) refers to printf6.o(i._snputc) for _snputc
    printf6.o(i.__0vsprintf$6) refers to printf6.o(i._printf_core) for _printf_core
    printf6.o(i.__0vsprintf$6) refers to printf6.o(i._sputc) for _sputc
    printf6.o(i._printf_core) refers to printf6.o(i._printf_pre_padding) for _printf_pre_padding
    printf6.o(i._printf_core) refers to uidiv.o(.text) for __aeabi_uidivmod
    printf6.o(i._printf_core) refers to printf6.o(i._printf_post_padding) for _printf_post_padding
    printf7.o(i.__0fprintf$7) refers to printf7.o(i._printf_core) for _printf_core
    printf7.o(i.__0fprintf$7) refers to main.o(i.fputc) for fputc
    printf7.o(i.__0printf$7) refers to printf7.o(i._printf_core) for _printf_core
    printf7.o(i.__0printf$7) refers to main.o(i.fputc) for fputc
    printf7.o(i.__0printf$7) refers to stdout.o(.data) for __stdout
    printf7.o(i.__0snprintf$7) refers to printf7.o(i._printf_core) for _printf_core
    printf7.o(i.__0snprintf$7) refers to printf7.o(i._snputc) for _snputc
    printf7.o(i.__0sprintf$7) refers to printf7.o(i._printf_core) for _printf_core
    printf7.o(i.__0sprintf$7) refers to printf7.o(i._sputc) for _sputc
    printf7.o(i.__0vfprintf$7) refers to printf7.o(i._printf_core) for _printf_core
    printf7.o(i.__0vfprintf$7) refers to main.o(i.fputc) for fputc
    printf7.o(i.__0vprintf$7) refers to printf7.o(i._printf_core) for _printf_core
    printf7.o(i.__0vprintf$7) refers to main.o(i.fputc) for fputc
    printf7.o(i.__0vprintf$7) refers to stdout.o(.data) for __stdout
    printf7.o(i.__0vsnprintf$7) refers to printf7.o(i._printf_core) for _printf_core
    printf7.o(i.__0vsnprintf$7) refers to printf7.o(i._snputc) for _snputc
    printf7.o(i.__0vsprintf$7) refers to printf7.o(i._printf_core) for _printf_core
    printf7.o(i.__0vsprintf$7) refers to printf7.o(i._sputc) for _sputc
    printf7.o(i._printf_core) refers to printf7.o(i._printf_pre_padding) for _printf_pre_padding
    printf7.o(i._printf_core) refers to uldiv.o(.text) for __aeabi_uldivmod
    printf7.o(i._printf_core) refers to printf7.o(i._printf_post_padding) for _printf_post_padding
    printf8.o(i.__0fprintf$8) refers to printf8.o(i._printf_core) for _printf_core
    printf8.o(i.__0fprintf$8) refers to main.o(i.fputc) for fputc
    printf8.o(i.__0printf$8) refers to printf8.o(i._printf_core) for _printf_core
    printf8.o(i.__0printf$8) refers to main.o(i.fputc) for fputc
    printf8.o(i.__0printf$8) refers to stdout.o(.data) for __stdout
    printf8.o(i.__0snprintf$8) refers to printf8.o(i._printf_core) for _printf_core
    printf8.o(i.__0snprintf$8) refers to printf8.o(i._snputc) for _snputc
    printf8.o(i.__0sprintf$8) refers to printf8.o(i._printf_core) for _printf_core
    printf8.o(i.__0sprintf$8) refers to printf8.o(i._sputc) for _sputc
    printf8.o(i.__0vfprintf$8) refers to printf8.o(i._printf_core) for _printf_core
    printf8.o(i.__0vfprintf$8) refers to main.o(i.fputc) for fputc
    printf8.o(i.__0vprintf$8) refers to printf8.o(i._printf_core) for _printf_core
    printf8.o(i.__0vprintf$8) refers to main.o(i.fputc) for fputc
    printf8.o(i.__0vprintf$8) refers to stdout.o(.data) for __stdout
    printf8.o(i.__0vsnprintf$8) refers to printf8.o(i._printf_core) for _printf_core
    printf8.o(i.__0vsnprintf$8) refers to printf8.o(i._snputc) for _snputc
    printf8.o(i.__0vsprintf$8) refers to printf8.o(i._printf_core) for _printf_core
    printf8.o(i.__0vsprintf$8) refers to printf8.o(i._sputc) for _sputc
    printf8.o(i._printf_core) refers to printf8.o(i._printf_pre_padding) for _printf_pre_padding
    printf8.o(i._printf_core) refers to uldiv.o(.text) for __aeabi_uldivmod
    printf8.o(i._printf_core) refers to printf8.o(i._printf_post_padding) for _printf_post_padding
    printfa.o(i.__0fprintf) refers (Special) to iusefp.o(.text) for __I$use$fp
    printfa.o(i.__0fprintf) refers to printfa.o(i._printf_core) for _printf_core
    printfa.o(i.__0fprintf) refers to main.o(i.fputc) for fputc
    printfa.o(i.__0printf) refers (Special) to iusefp.o(.text) for __I$use$fp
    printfa.o(i.__0printf) refers to printfa.o(i._printf_core) for _printf_core
    printfa.o(i.__0printf) refers to main.o(i.fputc) for fputc
    printfa.o(i.__0printf) refers to stdout.o(.data) for __stdout
    printfa.o(i.__0snprintf) refers (Special) to iusefp.o(.text) for __I$use$fp
    printfa.o(i.__0snprintf) refers to printfa.o(i._printf_core) for _printf_core
    printfa.o(i.__0snprintf) refers to printfa.o(i._snputc) for _snputc
    printfa.o(i.__0sprintf) refers (Special) to iusefp.o(.text) for __I$use$fp
    printfa.o(i.__0sprintf) refers to printfa.o(i._printf_core) for _printf_core
    printfa.o(i.__0sprintf) refers to printfa.o(i._sputc) for _sputc
    printfa.o(i.__0vfprintf) refers (Special) to iusefp.o(.text) for __I$use$fp
    printfa.o(i.__0vfprintf) refers to printfa.o(i._printf_core) for _printf_core
    printfa.o(i.__0vfprintf) refers to main.o(i.fputc) for fputc
    printfa.o(i.__0vprintf) refers (Special) to iusefp.o(.text) for __I$use$fp
    printfa.o(i.__0vprintf) refers to printfa.o(i._printf_core) for _printf_core
    printfa.o(i.__0vprintf) refers to main.o(i.fputc) for fputc
    printfa.o(i.__0vprintf) refers to stdout.o(.data) for __stdout
    printfa.o(i.__0vsnprintf) refers (Special) to iusefp.o(.text) for __I$use$fp
    printfa.o(i.__0vsnprintf) refers to printfa.o(i._printf_core) for _printf_core
    printfa.o(i.__0vsnprintf) refers to printfa.o(i._snputc) for _snputc
    printfa.o(i.__0vsprintf) refers (Special) to iusefp.o(.text) for __I$use$fp
    printfa.o(i.__0vsprintf) refers to printfa.o(i._printf_core) for _printf_core
    printfa.o(i.__0vsprintf) refers to printfa.o(i._sputc) for _sputc
    printfa.o(i._fp_digits) refers (Special) to iusefp.o(.text) for __I$use$fp
    printfa.o(i._fp_digits) refers to dmul.o(.text) for __aeabi_dmul
    printfa.o(i._fp_digits) refers to ddiv.o(.text) for __aeabi_ddiv
    printfa.o(i._fp_digits) refers to cdrcmple.o(.text) for __aeabi_cdrcmple
    printfa.o(i._fp_digits) refers to dadd.o(.text) for __aeabi_dadd
    printfa.o(i._fp_digits) refers to dfixul.o(.text) for __aeabi_d2ulz
    printfa.o(i._fp_digits) refers to uldiv.o(.text) for __aeabi_uldivmod
    printfa.o(i._printf_core) refers (Special) to iusefp.o(.text) for __I$use$fp
    printfa.o(i._printf_core) refers to printfa.o(i._printf_pre_padding) for _printf_pre_padding
    printfa.o(i._printf_core) refers to uldiv.o(.text) for __aeabi_uldivmod
    printfa.o(i._printf_core) refers to printfa.o(i._printf_post_padding) for _printf_post_padding
    printfa.o(i._printf_core) refers to printfa.o(i._fp_digits) for _fp_digits
    printfa.o(i._printf_core) refers to uidiv.o(.text) for __aeabi_uidivmod
    printfa.o(i._printf_post_padding) refers (Special) to iusefp.o(.text) for __I$use$fp
    printfa.o(i._printf_pre_padding) refers (Special) to iusefp.o(.text) for __I$use$fp
    printfa.o(i._snputc) refers (Special) to iusefp.o(.text) for __I$use$fp
    printfa.o(i._sputc) refers (Special) to iusefp.o(.text) for __I$use$fp
    entry2.o(.ARM.Collect$$$$00000001) refers to entry2.o(.ARM.Collect$$$$00002712) for __lit__00000000
    entry2.o(.ARM.Collect$$$$00002712) refers to startup_stm32f10x_md_vl.o(STACK) for __initial_sp
    entry2.o(__vectab_stack_and_reset_area) refers to startup_stm32f10x_md_vl.o(STACK) for __initial_sp
    entry2.o(__vectab_stack_and_reset_area) refers to entry.o(.ARM.Collect$$$$00000000) for __main
    entry5.o(.ARM.Collect$$$$00000004) refers to init.o(.text) for __scatterload
    entry8.o(.ARM.Collect$$$$00000009) refers to main.o(i.main) for main
    uldiv.o(.text) refers to llushr.o(.text) for __aeabi_llsr
    uldiv.o(.text) refers to llshl.o(.text) for __aeabi_llsl
    dadd.o(.text) refers to llshl.o(.text) for __aeabi_llsl
    dadd.o(.text) refers to llsshr.o(.text) for __aeabi_lasr
    dadd.o(.text) refers to depilogue.o(.text) for _double_epilogue
    dmul.o(.text) refers to depilogue.o(.text) for _double_epilogue
    ddiv.o(.text) refers to depilogue.o(.text) for _double_round
    dfixul.o(.text) refers to llushr.o(.text) for __aeabi_llsr
    dfixul.o(.text) refers to llshl.o(.text) for __aeabi_llsl
    init.o(.text) refers to entry5.o(.ARM.Collect$$$$00000004) for __main_after_scatterload
    depilogue.o(.text) refers to llshl.o(.text) for __aeabi_llsl
    depilogue.o(.text) refers to llushr.o(.text) for __aeabi_llsr


==============================================================================

Removing Unused input sections from the image.

    Removing system_tick.o(i.Delay1ms), (36 bytes).
    Removing system_tick.o(i.IsOverTime), (24 bytes).
    Removing system_tick.o(i.getNextTimeByMS), (14 bytes).
    Removing stm32f10x_gpio.o(i.GPIO_AFIODeInit), (22 bytes).
    Removing stm32f10x_gpio.o(i.GPIO_DeInit), (180 bytes).
    Removing stm32f10x_gpio.o(i.GPIO_ETH_MediaInterfaceConfig), (12 bytes).
    Removing stm32f10x_gpio.o(i.GPIO_EXTILineConfig), (40 bytes).
    Removing stm32f10x_gpio.o(i.GPIO_EventOutputCmd), (12 bytes).
    Removing stm32f10x_gpio.o(i.GPIO_EventOutputConfig), (28 bytes).
    Removing stm32f10x_gpio.o(i.GPIO_PinLockConfig), (16 bytes).
    Removing stm32f10x_gpio.o(i.GPIO_PinRemapConfig), (88 bytes).
    Removing stm32f10x_gpio.o(i.GPIO_ReadInputData), (6 bytes).
    Removing stm32f10x_gpio.o(i.GPIO_ReadInputDataBit), (14 bytes).
    Removing stm32f10x_gpio.o(i.GPIO_ReadOutputData), (6 bytes).
    Removing stm32f10x_gpio.o(i.GPIO_ReadOutputDataBit), (14 bytes).
    Removing stm32f10x_gpio.o(i.GPIO_StructInit), (16 bytes).
    Removing stm32f10x_gpio.o(i.GPIO_Write), (4 bytes).
    Removing stm32f10x_gpio.o(i.GPIO_WriteBit), (10 bytes).
    Removing stm32f10x_rcc.o(i.RCC_ADCCLKConfig), (20 bytes).
    Removing stm32f10x_rcc.o(i.RCC_AHBPeriphClockCmd), (24 bytes).
    Removing stm32f10x_rcc.o(i.RCC_APB2PeriphResetCmd), (24 bytes).
    Removing stm32f10x_rcc.o(i.RCC_AdjustHSICalibrationValue), (20 bytes).
    Removing stm32f10x_rcc.o(i.RCC_BackupResetCmd), (12 bytes).
    Removing stm32f10x_rcc.o(i.RCC_ClearFlag), (16 bytes).
    Removing stm32f10x_rcc.o(i.RCC_ClearITPendingBit), (12 bytes).
    Removing stm32f10x_rcc.o(i.RCC_ClockSecuritySystemCmd), (12 bytes).
    Removing stm32f10x_rcc.o(i.RCC_DeInit), (68 bytes).
    Removing stm32f10x_rcc.o(i.RCC_GetITStatus), (20 bytes).
    Removing stm32f10x_rcc.o(i.RCC_HSEConfig), (52 bytes).
    Removing stm32f10x_rcc.o(i.RCC_ITConfig), (24 bytes).
    Removing stm32f10x_rcc.o(i.RCC_LSEConfig), (32 bytes).
    Removing stm32f10x_rcc.o(i.RCC_LSICmd), (12 bytes).
    Removing stm32f10x_rcc.o(i.RCC_MCOConfig), (12 bytes).
    Removing stm32f10x_rcc.o(i.RCC_PREDIV1Config), (28 bytes).
    Removing stm32f10x_rcc.o(i.RCC_RTCCLKCmd), (12 bytes).
    Removing stm32f10x_rcc.o(i.RCC_RTCCLKConfig), (16 bytes).
    Removing stm32f10x_rcc.o(i.RCC_USBCLKConfig), (12 bytes).
    Removing stm32f10x_rcc.o(i.RCC_WaitForHSEStartUp), (38 bytes).
    Removing misc.o(i.NVIC_SystemLPConfig), (24 bytes).
    Removing misc.o(i.SysTick_CLKSourceConfig), (24 bytes).
    Removing stm32f10x_flash.o(i.FLASH_EnableWriteProtection), (172 bytes).
    Removing stm32f10x_flash.o(i.FLASH_EraseAllBank1Pages), (56 bytes).
    Removing stm32f10x_flash.o(i.FLASH_EraseAllPages), (56 bytes).
    Removing stm32f10x_flash.o(i.FLASH_EraseOptionBytes), (124 bytes).
    Removing stm32f10x_flash.o(i.FLASH_GetFlagStatus), (32 bytes).
    Removing stm32f10x_flash.o(i.FLASH_GetPrefetchBufferStatus), (20 bytes).
    Removing stm32f10x_flash.o(i.FLASH_GetReadOutProtectionStatus), (20 bytes).
    Removing stm32f10x_flash.o(i.FLASH_GetStatus), (40 bytes).
    Removing stm32f10x_flash.o(i.FLASH_GetUserOptionByte), (12 bytes).
    Removing stm32f10x_flash.o(i.FLASH_GetWriteProtectionOptionByte), (12 bytes).
    Removing stm32f10x_flash.o(i.FLASH_HalfCycleAccessCmd), (24 bytes).
    Removing stm32f10x_flash.o(i.FLASH_ITConfig), (24 bytes).
    Removing stm32f10x_flash.o(i.FLASH_Lock), (16 bytes).
    Removing stm32f10x_flash.o(i.FLASH_LockBank1), (16 bytes).
    Removing stm32f10x_flash.o(i.FLASH_PrefetchBufferCmd), (24 bytes).
    Removing stm32f10x_flash.o(i.FLASH_ProgramOptionByteData), (76 bytes).
    Removing stm32f10x_flash.o(i.FLASH_ProgramWord), (72 bytes).
    Removing stm32f10x_flash.o(i.FLASH_ReadOutProtection), (136 bytes).
    Removing stm32f10x_flash.o(i.FLASH_SetLatency), (20 bytes).
    Removing stm32f10x_flash.o(i.FLASH_UnlockBank1), (24 bytes).
    Removing stm32f10x_flash.o(i.FLASH_UserOptionByteConfig), (96 bytes).
    Removing stm32f10x_flash.o(i.FLASH_WaitForLastBank1Operation), (36 bytes).
    Removing stm32f10x_i2c.o(i.I2C_ARPCmd), (20 bytes).
    Removing stm32f10x_i2c.o(i.I2C_AcknowledgeConfig), (20 bytes).
    Removing stm32f10x_i2c.o(i.I2C_CalculatePEC), (20 bytes).
    Removing stm32f10x_i2c.o(i.I2C_CheckEvent), (24 bytes).
    Removing stm32f10x_i2c.o(i.I2C_ClearFlag), (6 bytes).
    Removing stm32f10x_i2c.o(i.I2C_DMACmd), (20 bytes).
    Removing stm32f10x_i2c.o(i.I2C_DMALastTransferCmd), (20 bytes).
    Removing stm32f10x_i2c.o(i.I2C_DualAddressCmd), (20 bytes).
    Removing stm32f10x_i2c.o(i.I2C_FastModeDutyCycleConfig), (22 bytes).
    Removing stm32f10x_i2c.o(i.I2C_GeneralCallCmd), (20 bytes).
    Removing stm32f10x_i2c.o(i.I2C_GenerateSTART), (20 bytes).
    Removing stm32f10x_i2c.o(i.I2C_GenerateSTOP), (20 bytes).
    Removing stm32f10x_i2c.o(i.I2C_GetPEC), (6 bytes).
    Removing stm32f10x_i2c.o(i.I2C_NACKPositionConfig), (22 bytes).
    Removing stm32f10x_i2c.o(i.I2C_OwnAddress2Config), (16 bytes).
    Removing stm32f10x_i2c.o(i.I2C_PECPositionConfig), (22 bytes).
    Removing stm32f10x_i2c.o(i.I2C_ReadRegister), (4 bytes).
    Removing stm32f10x_i2c.o(i.I2C_SMBusAlertConfig), (22 bytes).
    Removing stm32f10x_i2c.o(i.I2C_Send7bitAddress), (16 bytes).
    Removing stm32f10x_i2c.o(i.I2C_SoftwareResetCmd), (20 bytes).
    Removing stm32f10x_i2c.o(i.I2C_StretchClockCmd), (20 bytes).
    Removing stm32f10x_i2c.o(i.I2C_StructInit), (28 bytes).
    Removing stm32f10x_i2c.o(i.I2C_TransmitPEC), (20 bytes).
    Removing stm32f10x_bkp.o(i.BKP_ClearFlag), (16 bytes).
    Removing stm32f10x_bkp.o(i.BKP_ClearITPendingBit), (16 bytes).
    Removing stm32f10x_bkp.o(i.BKP_DeInit), (18 bytes).
    Removing stm32f10x_bkp.o(i.BKP_GetFlagStatus), (12 bytes).
    Removing stm32f10x_bkp.o(i.BKP_GetITStatus), (12 bytes).
    Removing stm32f10x_bkp.o(i.BKP_ITConfig), (12 bytes).
    Removing stm32f10x_bkp.o(i.BKP_RTCOutputConfig), (20 bytes).
    Removing stm32f10x_bkp.o(i.BKP_SetRTCCalibrationValue), (20 bytes).
    Removing stm32f10x_bkp.o(i.BKP_TamperPinCmd), (12 bytes).
    Removing stm32f10x_bkp.o(i.BKP_TamperPinLevelConfig), (12 bytes).
    Removing stm32f10x_usart.o(i.USART_ClearFlag), (6 bytes).
    Removing stm32f10x_usart.o(i.USART_ClearITPendingBit), (12 bytes).
    Removing stm32f10x_usart.o(i.USART_ClockInit), (30 bytes).
    Removing stm32f10x_usart.o(i.USART_ClockStructInit), (12 bytes).
    Removing stm32f10x_usart.o(i.USART_DMACmd), (16 bytes).
    Removing stm32f10x_usart.o(i.USART_DeInit), (116 bytes).
    Removing stm32f10x_usart.o(i.USART_GetITStatus), (62 bytes).
    Removing stm32f10x_usart.o(i.USART_HalfDuplexCmd), (20 bytes).
    Removing stm32f10x_usart.o(i.USART_ITConfig), (48 bytes).
    Removing stm32f10x_usart.o(i.USART_IrDACmd), (20 bytes).
    Removing stm32f10x_usart.o(i.USART_IrDAConfig), (16 bytes).
    Removing stm32f10x_usart.o(i.USART_LINBreakDetectLengthConfig), (16 bytes).
    Removing stm32f10x_usart.o(i.USART_LINCmd), (20 bytes).
    Removing stm32f10x_usart.o(i.USART_OneBitMethodCmd), (20 bytes).
    Removing stm32f10x_usart.o(i.USART_OverSampling8Cmd), (20 bytes).
    Removing stm32f10x_usart.o(i.USART_ReceiveData), (8 bytes).
    Removing stm32f10x_usart.o(i.USART_ReceiverWakeUpCmd), (20 bytes).
    Removing stm32f10x_usart.o(i.USART_SendBreak), (10 bytes).
    Removing stm32f10x_usart.o(i.USART_SetAddress), (16 bytes).
    Removing stm32f10x_usart.o(i.USART_SetGuardTime), (16 bytes).
    Removing stm32f10x_usart.o(i.USART_SetPrescaler), (16 bytes).
    Removing stm32f10x_usart.o(i.USART_SmartCardCmd), (20 bytes).
    Removing stm32f10x_usart.o(i.USART_SmartCardNACKCmd), (20 bytes).
    Removing stm32f10x_usart.o(i.USART_StructInit), (22 bytes).
    Removing stm32f10x_usart.o(i.USART_WakeUpConfig), (16 bytes).
    Removing startup_stm32f10x_md_vl.o(HEAP), (512 bytes).
    Removing system_stm32f10x.o(i.SystemCoreClockUpdate), (120 bytes).
    Removing system_stm32f10x.o(.data), (20 bytes).
    Removing dadd.o(.text), (332 bytes).
    Removing dmul.o(.text), (224 bytes).
    Removing ddiv.o(.text), (222 bytes).
    Removing dfixul.o(.text), (48 bytes).
    Removing cdrcmple.o(.text), (40 bytes).
    Removing depilogue.o(.text), (190 bytes).

129 unused section(s) (total 5048 bytes) removed from the image.

==============================================================================

Image Symbol Table

    Local Symbols

    Symbol Name                              Value     Ov Type        Size  Object(Section)

    ../../microlib/division.c                0x00000000   Number         0  uidiv.o ABSOLUTE
    ../../microlib/division.c                0x00000000   Number         0  uldiv.o ABSOLUTE
    ../../microlib/fpadd.c                   0x00000000   Number         0  dadd.o ABSOLUTE
    ../../microlib/fpdiv.c                   0x00000000   Number         0  ddiv.o ABSOLUTE
    ../../microlib/fpepilogue.c              0x00000000   Number         0  depilogue.o ABSOLUTE
    ../../microlib/fpfix.c                   0x00000000   Number         0  dfixul.o ABSOLUTE
    ../../microlib/fpmul.c                   0x00000000   Number         0  dmul.o ABSOLUTE
    ../../microlib/init/entry.s              0x00000000   Number         0  entry.o ABSOLUTE
    ../../microlib/init/entry.s              0x00000000   Number         0  entry2.o ABSOLUTE
    ../../microlib/init/entry.s              0x00000000   Number         0  entry5.o ABSOLUTE
    ../../microlib/init/entry.s              0x00000000   Number         0  entry7b.o ABSOLUTE
    ../../microlib/init/entry.s              0x00000000   Number         0  entry8.o ABSOLUTE
    ../../microlib/init/entry.s              0x00000000   Number         0  entry7a.o ABSOLUTE
    ../../microlib/longlong.c                0x00000000   Number         0  llsshr.o ABSOLUTE
    ../../microlib/longlong.c                0x00000000   Number         0  llshl.o ABSOLUTE
    ../../microlib/longlong.c                0x00000000   Number         0  llushr.o ABSOLUTE
    ../../microlib/printf/printf.c           0x00000000   Number         0  printf1.o ABSOLUTE
    ../../microlib/printf/printf.c           0x00000000   Number         0  printf6.o ABSOLUTE
    ../../microlib/printf/printf.c           0x00000000   Number         0  printf5.o ABSOLUTE
    ../../microlib/printf/printf.c           0x00000000   Number         0  printf4.o ABSOLUTE
    ../../microlib/printf/printf.c           0x00000000   Number         0  printf3.o ABSOLUTE
    ../../microlib/printf/printf.c           0x00000000   Number         0  printf2.o ABSOLUTE
    ../../microlib/printf/printf.c           0x00000000   Number         0  printf0.o ABSOLUTE
    ../../microlib/printf/printf.c           0x00000000   Number         0  printfb.o ABSOLUTE
    ../../microlib/printf/printf.c           0x00000000   Number         0  printfa.o ABSOLUTE
    ../../microlib/printf/printf.c           0x00000000   Number         0  printf8.o ABSOLUTE
    ../../microlib/printf/printf.c           0x00000000   Number         0  printf7.o ABSOLUTE
    ../../microlib/printf/stubs.s            0x00000000   Number         0  stubs.o ABSOLUTE
    ../../microlib/stdio/streams.c           0x00000000   Number         0  stdout.o ABSOLUTE
    ../../microlib/stubs.s                   0x00000000   Number         0  iusefp.o ABSOLUTE
    IAP\src\commands.c                       0x00000000   Number         0  commands.o ABSOLUTE
    IAP\src\config.c                         0x00000000   Number         0  config.o ABSOLUTE
    IAP\src\main.c                           0x00000000   Number         0  main.o ABSOLUTE
    IAP\src\stm32f10x_it.c                   0x00000000   Number         0  stm32f10x_it.o ABSOLUTE
    IAP\src\system_tick.c                    0x00000000   Number         0  system_tick.o ABSOLUTE
    IAP\src\watchdog.c                       0x00000000   Number         0  watchdog.o ABSOLUTE
    cdrcmple.s                               0x00000000   Number         0  cdrcmple.o ABSOLUTE
    dc.s                                     0x00000000   Number         0  dc.o ABSOLUTE
    handlers.s                               0x00000000   Number         0  handlers.o ABSOLUTE
    init.s                                   0x00000000   Number         0  init.o ABSOLUTE
    lib\CMSIS\core_cm3.c                     0x00000000   Number         0  core_cm3.o ABSOLUTE
    lib\CMSIS\system_stm32f10x.c             0x00000000   Number         0  system_stm32f10x.o ABSOLUTE
    lib\\CMSIS\\core_cm3.c                   0x00000000   Number         0  core_cm3.o ABSOLUTE
    lib\st_lib\src\misc.c                    0x00000000   Number         0  misc.o ABSOLUTE
    lib\st_lib\src\stm32f10x_bkp.c           0x00000000   Number         0  stm32f10x_bkp.o ABSOLUTE
    lib\st_lib\src\stm32f10x_flash.c         0x00000000   Number         0  stm32f10x_flash.o ABSOLUTE
    lib\st_lib\src\stm32f10x_gpio.c          0x00000000   Number         0  stm32f10x_gpio.o ABSOLUTE
    lib\st_lib\src\stm32f10x_i2c.c           0x00000000   Number         0  stm32f10x_i2c.o ABSOLUTE
    lib\st_lib\src\stm32f10x_rcc.c           0x00000000   Number         0  stm32f10x_rcc.o ABSOLUTE
    lib\st_lib\src\stm32f10x_usart.c         0x00000000   Number         0  stm32f10x_usart.o ABSOLUTE
    lib\startup\startup_stm32f10x_md_vl.s    0x00000000   Number         0  startup_stm32f10x_md_vl.o ABSOLUTE
    RESET                                    0x08000000   Section      288  startup_stm32f10x_md_vl.o(RESET)
    .ARM.Collect$$$$00000000                 0x08000120   Section        0  entry.o(.ARM.Collect$$$$00000000)
    .ARM.Collect$$$$00000001                 0x08000120   Section        4  entry2.o(.ARM.Collect$$$$00000001)
    .ARM.Collect$$$$00000004                 0x08000124   Section        4  entry5.o(.ARM.Collect$$$$00000004)
    .ARM.Collect$$$$00000008                 0x08000128   Section        0  entry7b.o(.ARM.Collect$$$$00000008)
    .ARM.Collect$$$$00000009                 0x08000128   Section        8  entry8.o(.ARM.Collect$$$$00000009)
    .ARM.Collect$$$$00002712                 0x08000130   Section        4  entry2.o(.ARM.Collect$$$$00002712)
    __lit__00000000                          0x08000130   Data           4  entry2.o(.ARM.Collect$$$$00002712)
    .emb_text                                0x08000134   Section       32  core_cm3.o(.emb_text)
    .text                                    0x08000154   Section       36  startup_stm32f10x_md_vl.o(.text)
    .text                                    0x08000178   Section        0  uldiv.o(.text)
    .text                                    0x080001dc   Section       36  init.o(.text)
    .text                                    0x08000200   Section        0  llshl.o(.text)
    .text                                    0x0800021e   Section        0  llushr.o(.text)
    i.BKP_ReadBackupRegister                 0x08000240   Section        0  stm32f10x_bkp.o(i.BKP_ReadBackupRegister)
    i.BKP_WriteBackupRegister                0x0800024c   Section        0  stm32f10x_bkp.o(i.BKP_WriteBackupRegister)
    i.BusFault_Handler                       0x08000258   Section        0  stm32f10x_it.o(i.BusFault_Handler)
    i.DebugMon_Handler                       0x0800025a   Section        0  stm32f10x_it.o(i.DebugMon_Handler)
    i.Erase_Page                             0x0800025c   Section        0  commands.o(i.Erase_Page)
    i.Erase_Page_Command                     0x080002ac   Section        0  commands.o(i.Erase_Page_Command)
    i.FLASH_ClearFlag                        0x08000308   Section        0  stm32f10x_flash.o(i.FLASH_ClearFlag)
    i.FLASH_ErasePage                        0x08000314   Section        0  stm32f10x_flash.o(i.FLASH_ErasePage)
    i.FLASH_GetBank1Status                   0x08000350   Section        0  stm32f10x_flash.o(i.FLASH_GetBank1Status)
    i.FLASH_ProgramHalfWord                  0x08000378   Section        0  stm32f10x_flash.o(i.FLASH_ProgramHalfWord)
    i.FLASH_Unlock                           0x080003ac   Section        0  stm32f10x_flash.o(i.FLASH_Unlock)
    i.FLASH_WaitForLastOperation             0x080003c4   Section        0  stm32f10x_flash.o(i.FLASH_WaitForLastOperation)
    i.GPIO_Configuration                     0x080003e8   Section        0  config.o(i.GPIO_Configuration)
    i.GPIO_Init                              0x08000424   Section        0  stm32f10x_gpio.o(i.GPIO_Init)
    i.GPIO_ResetBits                         0x080004c8   Section        0  stm32f10x_gpio.o(i.GPIO_ResetBits)
    i.GPIO_SetBits                           0x080004cc   Section        0  stm32f10x_gpio.o(i.GPIO_SetBits)
    i.HardFault_Handler                      0x080004d0   Section        0  stm32f10x_it.o(i.HardFault_Handler)
    i.I2C1_ER_IRQHandler                     0x080004d4   Section        0  stm32f10x_it.o(i.I2C1_ER_IRQHandler)
    i.I2C1_EV_IRQHandler                     0x08000528   Section        0  stm32f10x_it.o(i.I2C1_EV_IRQHandler)
    i.I2C_ClearITPendingBit                  0x080005a8   Section        0  stm32f10x_i2c.o(i.I2C_ClearITPendingBit)
    i.I2C_Cmd                                0x080005ae   Section        0  stm32f10x_i2c.o(i.I2C_Cmd)
    i.I2C_DeInit                             0x080005c4   Section        0  stm32f10x_i2c.o(i.I2C_DeInit)
    i.I2C_GetFlagStatus                      0x080005f0   Section        0  stm32f10x_i2c.o(i.I2C_GetFlagStatus)
    i.I2C_GetITStatus                        0x0800060e   Section        0  stm32f10x_i2c.o(i.I2C_GetITStatus)
    i.I2C_GetLastEvent                       0x0800062e   Section        0  stm32f10x_i2c.o(i.I2C_GetLastEvent)
    i.I2C_ITConfig                           0x0800063c   Section        0  stm32f10x_i2c.o(i.I2C_ITConfig)
    i.I2C_Init                               0x0800064c   Section        0  stm32f10x_i2c.o(i.I2C_Init)
    i.I2C_ReceiveData                        0x08000704   Section        0  stm32f10x_i2c.o(i.I2C_ReceiveData)
    i.I2C_SendData                           0x0800070a   Section        0  stm32f10x_i2c.o(i.I2C_SendData)
    i.IsOnTime                               0x08000710   Section        0  system_tick.o(i.IsOnTime)
    i.MemManage_Handler                      0x08000728   Section        0  stm32f10x_it.o(i.MemManage_Handler)
    i.NMI_Handler                            0x0800072a   Section        0  stm32f10x_it.o(i.NMI_Handler)
    i.NVIC_Configuration                     0x0800072c   Section        0  config.o(i.NVIC_Configuration)
    i.NVIC_Init                              0x08000774   Section        0  misc.o(i.NVIC_Init)
    i.NVIC_PriorityGroupConfig               0x080007d8   Section        0  misc.o(i.NVIC_PriorityGroupConfig)
    i.NVIC_SetVectorTable                    0x080007ec   Section        0  misc.o(i.NVIC_SetVectorTable)
    i.PendSV_Handler                         0x08000800   Section        0  stm32f10x_it.o(i.PendSV_Handler)
    i.RCC_APB1PeriphClockCmd                 0x08000804   Section        0  stm32f10x_rcc.o(i.RCC_APB1PeriphClockCmd)
    i.RCC_APB1PeriphResetCmd                 0x0800081c   Section        0  stm32f10x_rcc.o(i.RCC_APB1PeriphResetCmd)
    i.RCC_APB2PeriphClockCmd                 0x08000834   Section        0  stm32f10x_rcc.o(i.RCC_APB2PeriphClockCmd)
    i.RCC_Configuration                      0x0800084c   Section        0  config.o(i.RCC_Configuration)
    i.RCC_GetClocksFreq                      0x08000864   Section        0  stm32f10x_rcc.o(i.RCC_GetClocksFreq)
    i.RCC_GetFlagStatus                      0x0800090c   Section        0  stm32f10x_rcc.o(i.RCC_GetFlagStatus)
    i.RCC_GetSYSCLKSource                    0x0800093c   Section        0  stm32f10x_rcc.o(i.RCC_GetSYSCLKSource)
    i.RCC_HCLKConfig                         0x0800094c   Section        0  stm32f10x_rcc.o(i.RCC_HCLKConfig)
    i.RCC_HSICmd                             0x08000960   Section        0  stm32f10x_rcc.o(i.RCC_HSICmd)
    i.RCC_PCLK1Config                        0x0800096c   Section        0  stm32f10x_rcc.o(i.RCC_PCLK1Config)
    i.RCC_PCLK2Config                        0x08000980   Section        0  stm32f10x_rcc.o(i.RCC_PCLK2Config)
    i.RCC_PLLCmd                             0x08000994   Section        0  stm32f10x_rcc.o(i.RCC_PLLCmd)
    i.RCC_PLLConfig                          0x080009a0   Section        0  stm32f10x_rcc.o(i.RCC_PLLConfig)
    i.RCC_SYSCLKConfig                       0x080009b4   Section        0  stm32f10x_rcc.o(i.RCC_SYSCLKConfig)
    i.Read_Add                               0x080009c8   Section        0  commands.o(i.Read_Add)
    i.Read_Byte_Page_Number                  0x080009e8   Section        0  commands.o(i.Read_Byte_Page_Number)
    i.Read_Memory_Command                    0x080009fc   Section        0  commands.o(i.Read_Memory_Command)
    i.Read_Opcode                            0x08000a9c   Section        0  commands.o(i.Read_Opcode)
    i.SVC_Handler                            0x08000aa8   Section        0  stm32f10x_it.o(i.SVC_Handler)
    i.SysTick_Compare                        0x08000aaa   Section        0  system_tick.o(i.SysTick_Compare)
    i.SysTick_Get                            0x08000ad4   Section        0  system_tick.o(i.SysTick_Get)
    i.SysTick_Handler                        0x08000ae0   Section        0  stm32f10x_it.o(i.SysTick_Handler)
    i.SysTick_Incremental                    0x08000ae4   Section        0  system_tick.o(i.SysTick_Incremental)
    i.SysTick_Start                          0x08000af4   Section        0  system_tick.o(i.SysTick_Start)
    i.SystemInit                             0x08000b38   Section        0  system_stm32f10x.o(i.SystemInit)
    i.USART_Cmd                              0x08000bc0   Section        0  stm32f10x_usart.o(i.USART_Cmd)
    i.USART_GetFlagStatus                    0x08000bd4   Section        0  stm32f10x_usart.o(i.USART_GetFlagStatus)
    i.USART_Init                             0x08000be4   Section        0  stm32f10x_usart.o(i.USART_Init)
    i.USART_SendData                         0x08000c98   Section        0  stm32f10x_usart.o(i.USART_SendData)
    i.UsageFault_Handler                     0x08000ca0   Section        0  stm32f10x_it.o(i.UsageFault_Handler)
    i.User_Space_Memory_Erase_Command        0x08000ca4   Section        0  commands.o(i.User_Space_Memory_Erase_Command)
    i.Write_Memory_Command                   0x08000cc0   Section        0  commands.o(i.Write_Memory_Command)
    i.__0printf$8                            0x08000e0c   Section        0  printf8.o(i.__0printf$8)
    i.__scatterload_copy                     0x08000e2c   Section       14  handlers.o(i.__scatterload_copy)
    i.__scatterload_null                     0x08000e3a   Section        2  handlers.o(i.__scatterload_null)
    i.__scatterload_zeroinit                 0x08000e3c   Section       14  handlers.o(i.__scatterload_zeroinit)
    i._printf_core                           0x08000e4c   Section        0  printf8.o(i._printf_core)
    _printf_core                             0x08000e4d   Thumb Code  1010  printf8.o(i._printf_core)
    i._printf_post_padding                   0x0800126c   Section        0  printf8.o(i._printf_post_padding)
    _printf_post_padding                     0x0800126d   Thumb Code    38  printf8.o(i._printf_post_padding)
    i._printf_pre_padding                    0x08001292   Section        0  printf8.o(i._printf_pre_padding)
    _printf_pre_padding                      0x08001293   Thumb Code    48  printf8.o(i._printf_pre_padding)
    i.fputc                                  0x080012c4   Section        0  main.o(i.fputc)
    i.iap_i2c_init                           0x080012e8   Section        0  main.o(i.iap_i2c_init)
    i.iap_i2c_loop                           0x08001330   Section        0  main.o(i.iap_i2c_loop)
    i.iap_i2c_try_loop                       0x080013b4   Section        0  main.o(i.iap_i2c_try_loop)
    i.init_uart                              0x08001460   Section        0  main.o(i.init_uart)
    init_uart                                0x08001461   Thumb Code   126  main.o(i.init_uart)
    i.main                                   0x080014e8   Section        0  main.o(i.main)
    i.watchdog_init                          0x080015b8   Section        0  watchdog.o(i.watchdog_init)
    i.watchdog_pin_init                      0x080015c4   Section        0  watchdog.o(i.watchdog_pin_init)
    i.watchdog_reset                         0x080015ec   Section        0  watchdog.o(i.watchdog_reset)
    .data                                    0x20000000   Section       12  main.o(.data)
    .data                                    0x2000000c   Section        4  config.o(.data)
    .data                                    0x20000010   Section        2  commands.o(.data)
    dd                                       0x20000010   Data           1  commands.o(.data)
    .data                                    0x20000012   Section        4  stm32f10x_it.o(.data)
    .data                                    0x20000018   Section        4  system_tick.o(.data)
    .data                                    0x2000001c   Section        1  watchdog.o(.data)
    WDog_Level                               0x2000001c   Data           1  watchdog.o(.data)
    .data                                    0x2000001d   Section       20  stm32f10x_rcc.o(.data)
    ADCPrescTable                            0x2000001d   Data           4  stm32f10x_rcc.o(.data)
    APBAHBPrescTable                         0x20000021   Data          16  stm32f10x_rcc.o(.data)
    .data                                    0x20000034   Section        4  stdout.o(.data)
    .bss                                     0x20000038   Section       16  main.o(.bss)
    .bss                                     0x20000048   Section     3600  commands.o(.bss)
    .bss                                     0x20000e58   Section       20  system_tick.o(.bss)
    STACK                                    0x20000e70   Section     1024  startup_stm32f10x_md_vl.o(STACK)

    Global Symbols

    Symbol Name                              Value     Ov Type        Size  Object(Section)

    BuildAttributes$$THM_ISAv4$P$D$K$B$S$PE$A:L22UL41UL21$X:L11$S22US41US21$IEEE1$IW$USESV6$~STKCKD$USESV7$~SHL$OSPACE$ROPI$EBA8$MICROLIB$REQ8$PRES8$EABIv2 0x00000000   Number         0  anon$$obj.o ABSOLUTE
    __ARM_use_no_argv                        0x00000000   Number         0  main.o ABSOLUTE
    _printf_a                                0x00000000   Number         0  stubs.o ABSOLUTE
    _printf_c                                0x00000000   Number         0  stubs.o ABSOLUTE
    _printf_charcount                        0x00000000   Number         0  stubs.o ABSOLUTE
    _printf_d                                0x00000000   Number         0  stubs.o ABSOLUTE
    _printf_e                                0x00000000   Number         0  stubs.o ABSOLUTE
    _printf_f                                0x00000000   Number         0  stubs.o ABSOLUTE
    _printf_flags                            0x00000000   Number         0  stubs.o ABSOLUTE
    _printf_fp_dec                           0x00000000   Number         0  stubs.o ABSOLUTE
    _printf_fp_hex                           0x00000000   Number         0  stubs.o ABSOLUTE
    _printf_g                                0x00000000   Number         0  stubs.o ABSOLUTE
    _printf_i                                0x00000000   Number         0  stubs.o ABSOLUTE
    _printf_int_dec                          0x00000000   Number         0  stubs.o ABSOLUTE
    _printf_l                                0x00000000   Number         0  stubs.o ABSOLUTE
    _printf_lc                               0x00000000   Number         0  stubs.o ABSOLUTE
    _printf_ll                               0x00000000   Number         0  stubs.o ABSOLUTE
    _printf_lld                              0x00000000   Number         0  stubs.o ABSOLUTE
    _printf_lli                              0x00000000   Number         0  stubs.o ABSOLUTE
    _printf_llo                              0x00000000   Number         0  stubs.o ABSOLUTE
    _printf_llu                              0x00000000   Number         0  stubs.o ABSOLUTE
    _printf_llx                              0x00000000   Number         0  stubs.o ABSOLUTE
    _printf_longlong_dec                     0x00000000   Number         0  stubs.o ABSOLUTE
    _printf_longlong_hex                     0x00000000   Number         0  stubs.o ABSOLUTE
    _printf_longlong_oct                     0x00000000   Number         0  stubs.o ABSOLUTE
    _printf_ls                               0x00000000   Number         0  stubs.o ABSOLUTE
    _printf_mbtowc                           0x00000000   Number         0  stubs.o ABSOLUTE
    _printf_n                                0x00000000   Number         0  stubs.o ABSOLUTE
    _printf_o                                0x00000000   Number         0  stubs.o ABSOLUTE
    _printf_p                                0x00000000   Number         0  stubs.o ABSOLUTE
    _printf_percent                          0x00000000   Number         0  stubs.o ABSOLUTE
    _printf_pre_padding                      0x00000000   Number         0  stubs.o ABSOLUTE
    _printf_return_value                     0x00000000   Number         0  stubs.o ABSOLUTE
    _printf_s                                0x00000000   Number         0  stubs.o ABSOLUTE
    _printf_sizespec                         0x00000000   Number         0  stubs.o ABSOLUTE
    _printf_str                              0x00000000   Number         0  stubs.o ABSOLUTE
    _printf_truncate_signed                  0x00000000   Number         0  stubs.o ABSOLUTE
    _printf_truncate_unsigned                0x00000000   Number         0  stubs.o ABSOLUTE
    _printf_u                                0x00000000   Number         0  stubs.o ABSOLUTE
    _printf_wc                               0x00000000   Number         0  stubs.o ABSOLUTE
    _printf_wctomb                           0x00000000   Number         0  stubs.o ABSOLUTE
    _printf_widthprec                        0x00000000   Number         0  stubs.o ABSOLUTE
    _printf_x                                0x00000000   Number         0  stubs.o ABSOLUTE
    __decompress                              - Undefined Weak Reference
    _clock_init                               - Undefined Weak Reference
    __Vectors_Size                           0x00000120   Number         0  startup_stm32f10x_md_vl.o ABSOLUTE
    __Vectors                                0x08000000   Data           4  startup_stm32f10x_md_vl.o(RESET)
    __Vectors_End                            0x08000120   Data           0  startup_stm32f10x_md_vl.o(RESET)
    __main                                   0x08000121   Thumb Code     0  entry.o(.ARM.Collect$$$$00000000)
    _main_stk                                0x08000121   Thumb Code     0  entry2.o(.ARM.Collect$$$$00000001)
    _main_scatterload                        0x08000125   Thumb Code     0  entry5.o(.ARM.Collect$$$$00000004)
    __main_after_scatterload                 0x08000129   Thumb Code     0  entry5.o(.ARM.Collect$$$$00000004)
    _main_clock                              0x08000129   Thumb Code     0  entry7b.o(.ARM.Collect$$$$00000008)
    _main_init                               0x08000129   Thumb Code     0  entry8.o(.ARM.Collect$$$$00000009)
    __get_PSP                                0x08000135   Thumb Code     6  core_cm3.o(.emb_text)
    __set_PSP                                0x0800013b   Thumb Code     6  core_cm3.o(.emb_text)
    __get_MSP                                0x08000141   Thumb Code     6  core_cm3.o(.emb_text)
    __set_MSP                                0x08000147   Thumb Code     6  core_cm3.o(.emb_text)
    __REV16                                  0x0800014d   Thumb Code     4  core_cm3.o(.emb_text)
    __REVSH                                  0x08000151   Thumb Code     4  core_cm3.o(.emb_text)
    Reset_Handler                            0x08000155   Thumb Code     8  startup_stm32f10x_md_vl.o(.text)
    ADC1_IRQHandler                          0x0800016f   Thumb Code     0  startup_stm32f10x_md_vl.o(.text)
    CEC_IRQHandler                           0x0800016f   Thumb Code     0  startup_stm32f10x_md_vl.o(.text)
    DMA1_Channel1_IRQHandler                 0x0800016f   Thumb Code     0  startup_stm32f10x_md_vl.o(.text)
    DMA1_Channel2_IRQHandler                 0x0800016f   Thumb Code     0  startup_stm32f10x_md_vl.o(.text)
    DMA1_Channel3_IRQHandler                 0x0800016f   Thumb Code     0  startup_stm32f10x_md_vl.o(.text)
    DMA1_Channel4_IRQHandler                 0x0800016f   Thumb Code     0  startup_stm32f10x_md_vl.o(.text)
    DMA1_Channel5_IRQHandler                 0x0800016f   Thumb Code     0  startup_stm32f10x_md_vl.o(.text)
    DMA1_Channel6_IRQHandler                 0x0800016f   Thumb Code     0  startup_stm32f10x_md_vl.o(.text)
    DMA1_Channel7_IRQHandler                 0x0800016f   Thumb Code     0  startup_stm32f10x_md_vl.o(.text)
    EXTI0_IRQHandler                         0x0800016f   Thumb Code     0  startup_stm32f10x_md_vl.o(.text)
    EXTI15_10_IRQHandler                     0x0800016f   Thumb Code     0  startup_stm32f10x_md_vl.o(.text)
    EXTI1_IRQHandler                         0x0800016f   Thumb Code     0  startup_stm32f10x_md_vl.o(.text)
    EXTI2_IRQHandler                         0x0800016f   Thumb Code     0  startup_stm32f10x_md_vl.o(.text)
    EXTI3_IRQHandler                         0x0800016f   Thumb Code     0  startup_stm32f10x_md_vl.o(.text)
    EXTI4_IRQHandler                         0x0800016f   Thumb Code     0  startup_stm32f10x_md_vl.o(.text)
    EXTI9_5_IRQHandler                       0x0800016f   Thumb Code     0  startup_stm32f10x_md_vl.o(.text)
    FLASH_IRQHandler                         0x0800016f   Thumb Code     0  startup_stm32f10x_md_vl.o(.text)
    I2C2_ER_IRQHandler                       0x0800016f   Thumb Code     0  startup_stm32f10x_md_vl.o(.text)
    I2C2_EV_IRQHandler                       0x0800016f   Thumb Code     0  startup_stm32f10x_md_vl.o(.text)
    PVD_IRQHandler                           0x0800016f   Thumb Code     0  startup_stm32f10x_md_vl.o(.text)
    RCC_IRQHandler                           0x0800016f   Thumb Code     0  startup_stm32f10x_md_vl.o(.text)
    RTCAlarm_IRQHandler                      0x0800016f   Thumb Code     0  startup_stm32f10x_md_vl.o(.text)
    RTC_IRQHandler                           0x0800016f   Thumb Code     0  startup_stm32f10x_md_vl.o(.text)
    SPI1_IRQHandler                          0x0800016f   Thumb Code     0  startup_stm32f10x_md_vl.o(.text)
    SPI2_IRQHandler                          0x0800016f   Thumb Code     0  startup_stm32f10x_md_vl.o(.text)
    TAMPER_IRQHandler                        0x0800016f   Thumb Code     0  startup_stm32f10x_md_vl.o(.text)
    TIM1_BRK_TIM15_IRQHandler                0x0800016f   Thumb Code     0  startup_stm32f10x_md_vl.o(.text)
    TIM1_CC_IRQHandler                       0x0800016f   Thumb Code     0  startup_stm32f10x_md_vl.o(.text)
    TIM1_TRG_COM_TIM17_IRQHandler            0x0800016f   Thumb Code     0  startup_stm32f10x_md_vl.o(.text)
    TIM1_UP_TIM16_IRQHandler                 0x0800016f   Thumb Code     0  startup_stm32f10x_md_vl.o(.text)
    TIM2_IRQHandler                          0x0800016f   Thumb Code     0  startup_stm32f10x_md_vl.o(.text)
    TIM3_IRQHandler                          0x0800016f   Thumb Code     0  startup_stm32f10x_md_vl.o(.text)
    TIM4_IRQHandler                          0x0800016f   Thumb Code     0  startup_stm32f10x_md_vl.o(.text)
    TIM6_DAC_IRQHandler                      0x0800016f   Thumb Code     0  startup_stm32f10x_md_vl.o(.text)
    TIM7_IRQHandler                          0x0800016f   Thumb Code     0  startup_stm32f10x_md_vl.o(.text)
    USART1_IRQHandler                        0x0800016f   Thumb Code     0  startup_stm32f10x_md_vl.o(.text)
    USART2_IRQHandler                        0x0800016f   Thumb Code     0  startup_stm32f10x_md_vl.o(.text)
    USART3_IRQHandler                        0x0800016f   Thumb Code     0  startup_stm32f10x_md_vl.o(.text)
    WWDG_IRQHandler                          0x0800016f   Thumb Code     0  startup_stm32f10x_md_vl.o(.text)
    __aeabi_uldivmod                         0x08000179   Thumb Code    98  uldiv.o(.text)
    __scatterload                            0x080001dd   Thumb Code    28  init.o(.text)
    __scatterload_rt2                        0x080001dd   Thumb Code     0  init.o(.text)
    __aeabi_llsl                             0x08000201   Thumb Code    30  llshl.o(.text)
    _ll_shift_l                              0x08000201   Thumb Code     0  llshl.o(.text)
    __aeabi_llsr                             0x0800021f   Thumb Code    32  llushr.o(.text)
    _ll_ushift_r                             0x0800021f   Thumb Code     0  llushr.o(.text)
    BKP_ReadBackupRegister                   0x08000241   Thumb Code     6  stm32f10x_bkp.o(i.BKP_ReadBackupRegister)
    BKP_WriteBackupRegister                  0x0800024d   Thumb Code     6  stm32f10x_bkp.o(i.BKP_WriteBackupRegister)
    BusFault_Handler                         0x08000259   Thumb Code     2  stm32f10x_it.o(i.BusFault_Handler)
    DebugMon_Handler                         0x0800025b   Thumb Code     2  stm32f10x_it.o(i.DebugMon_Handler)
    Erase_Page                               0x0800025d   Thumb Code    64  commands.o(i.Erase_Page)
    Erase_Page_Command                       0x080002ad   Thumb Code    58  commands.o(i.Erase_Page_Command)
    FLASH_ClearFlag                          0x08000309   Thumb Code     6  stm32f10x_flash.o(i.FLASH_ClearFlag)
    FLASH_ErasePage                          0x08000315   Thumb Code    56  stm32f10x_flash.o(i.FLASH_ErasePage)
    FLASH_GetBank1Status                     0x08000351   Thumb Code    34  stm32f10x_flash.o(i.FLASH_GetBank1Status)
    FLASH_ProgramHalfWord                    0x08000379   Thumb Code    48  stm32f10x_flash.o(i.FLASH_ProgramHalfWord)
    FLASH_Unlock                             0x080003ad   Thumb Code    12  stm32f10x_flash.o(i.FLASH_Unlock)
    FLASH_WaitForLastOperation               0x080003c5   Thumb Code    36  stm32f10x_flash.o(i.FLASH_WaitForLastOperation)
    GPIO_Configuration                       0x080003e9   Thumb Code    54  config.o(i.GPIO_Configuration)
    GPIO_Init                                0x08000425   Thumb Code   164  stm32f10x_gpio.o(i.GPIO_Init)
    GPIO_ResetBits                           0x080004c9   Thumb Code     4  stm32f10x_gpio.o(i.GPIO_ResetBits)
    GPIO_SetBits                             0x080004cd   Thumb Code     4  stm32f10x_gpio.o(i.GPIO_SetBits)
    HardFault_Handler                        0x080004d1   Thumb Code     2  stm32f10x_it.o(i.HardFault_Handler)
    I2C1_ER_IRQHandler                       0x080004d5   Thumb Code    66  stm32f10x_it.o(i.I2C1_ER_IRQHandler)
    I2C1_EV_IRQHandler                       0x08000529   Thumb Code   102  stm32f10x_it.o(i.I2C1_EV_IRQHandler)
    I2C_ClearITPendingBit                    0x080005a9   Thumb Code     6  stm32f10x_i2c.o(i.I2C_ClearITPendingBit)
    I2C_Cmd                                  0x080005af   Thumb Code    20  stm32f10x_i2c.o(i.I2C_Cmd)
    I2C_DeInit                               0x080005c5   Thumb Code    38  stm32f10x_i2c.o(i.I2C_DeInit)
    I2C_GetFlagStatus                        0x080005f1   Thumb Code    30  stm32f10x_i2c.o(i.I2C_GetFlagStatus)
    I2C_GetITStatus                          0x0800060f   Thumb Code    32  stm32f10x_i2c.o(i.I2C_GetITStatus)
    I2C_GetLastEvent                         0x0800062f   Thumb Code    14  stm32f10x_i2c.o(i.I2C_GetLastEvent)
    I2C_ITConfig                             0x0800063d   Thumb Code    16  stm32f10x_i2c.o(i.I2C_ITConfig)
    I2C_Init                                 0x0800064d   Thumb Code   176  stm32f10x_i2c.o(i.I2C_Init)
    I2C_ReceiveData                          0x08000705   Thumb Code     6  stm32f10x_i2c.o(i.I2C_ReceiveData)
    I2C_SendData                             0x0800070b   Thumb Code     4  stm32f10x_i2c.o(i.I2C_SendData)
    IsOnTime                                 0x08000711   Thumb Code    20  system_tick.o(i.IsOnTime)
    MemManage_Handler                        0x08000729   Thumb Code     2  stm32f10x_it.o(i.MemManage_Handler)
    NMI_Handler                              0x0800072b   Thumb Code     2  stm32f10x_it.o(i.NMI_Handler)
    NVIC_Configuration                       0x0800072d   Thumb Code    66  config.o(i.NVIC_Configuration)
    NVIC_Init                                0x08000775   Thumb Code    90  misc.o(i.NVIC_Init)
    NVIC_PriorityGroupConfig                 0x080007d9   Thumb Code    10  misc.o(i.NVIC_PriorityGroupConfig)
    NVIC_SetVectorTable                      0x080007ed   Thumb Code    12  misc.o(i.NVIC_SetVectorTable)
    PendSV_Handler                           0x08000801   Thumb Code     2  stm32f10x_it.o(i.PendSV_Handler)
    RCC_APB1PeriphClockCmd                   0x08000805   Thumb Code    18  stm32f10x_rcc.o(i.RCC_APB1PeriphClockCmd)
    RCC_APB1PeriphResetCmd                   0x0800081d   Thumb Code    18  stm32f10x_rcc.o(i.RCC_APB1PeriphResetCmd)
    RCC_APB2PeriphClockCmd                   0x08000835   Thumb Code    18  stm32f10x_rcc.o(i.RCC_APB2PeriphClockCmd)
    RCC_Configuration                        0x0800084d   Thumb Code    22  config.o(i.RCC_Configuration)
    RCC_GetClocksFreq                        0x08000865   Thumb Code   146  stm32f10x_rcc.o(i.RCC_GetClocksFreq)
    RCC_GetFlagStatus                        0x0800090d   Thumb Code    44  stm32f10x_rcc.o(i.RCC_GetFlagStatus)
    RCC_GetSYSCLKSource                      0x0800093d   Thumb Code    10  stm32f10x_rcc.o(i.RCC_GetSYSCLKSource)
    RCC_HCLKConfig                           0x0800094d   Thumb Code    14  stm32f10x_rcc.o(i.RCC_HCLKConfig)
    RCC_HSICmd                               0x08000961   Thumb Code     6  stm32f10x_rcc.o(i.RCC_HSICmd)
    RCC_PCLK1Config                          0x0800096d   Thumb Code    14  stm32f10x_rcc.o(i.RCC_PCLK1Config)
    RCC_PCLK2Config                          0x08000981   Thumb Code    16  stm32f10x_rcc.o(i.RCC_PCLK2Config)
    RCC_PLLCmd                               0x08000995   Thumb Code     6  stm32f10x_rcc.o(i.RCC_PLLCmd)
    RCC_PLLConfig                            0x080009a1   Thumb Code    16  stm32f10x_rcc.o(i.RCC_PLLConfig)
    RCC_SYSCLKConfig                         0x080009b5   Thumb Code    14  stm32f10x_rcc.o(i.RCC_SYSCLKConfig)
    Read_Add                                 0x080009c9   Thumb Code    26  commands.o(i.Read_Add)
    Read_Byte_Page_Number                    0x080009e9   Thumb Code    14  commands.o(i.Read_Byte_Page_Number)
    Read_Memory_Command                      0x080009fd   Thumb Code   124  commands.o(i.Read_Memory_Command)
    Read_Opcode                              0x08000a9d   Thumb Code     8  commands.o(i.Read_Opcode)
    SVC_Handler                              0x08000aa9   Thumb Code     2  stm32f10x_it.o(i.SVC_Handler)
    SysTick_Compare                          0x08000aab   Thumb Code    42  system_tick.o(i.SysTick_Compare)
    SysTick_Get                              0x08000ad5   Thumb Code     6  system_tick.o(i.SysTick_Get)
    SysTick_Handler                          0x08000ae1   Thumb Code     4  stm32f10x_it.o(i.SysTick_Handler)
    SysTick_Incremental                      0x08000ae5   Thumb Code    10  system_tick.o(i.SysTick_Incremental)
    SysTick_Start                            0x08000af5   Thumb Code    56  system_tick.o(i.SysTick_Start)
    SystemInit                               0x08000b39   Thumb Code   122  system_stm32f10x.o(i.SystemInit)
    USART_Cmd                                0x08000bc1   Thumb Code    20  stm32f10x_usart.o(i.USART_Cmd)
    USART_GetFlagStatus                      0x08000bd5   Thumb Code    14  stm32f10x_usart.o(i.USART_GetFlagStatus)
    USART_Init                               0x08000be5   Thumb Code   176  stm32f10x_usart.o(i.USART_Init)
    USART_SendData                           0x08000c99   Thumb Code     8  stm32f10x_usart.o(i.USART_SendData)
    UsageFault_Handler                       0x08000ca1   Thumb Code     2  stm32f10x_it.o(i.UsageFault_Handler)
    User_Space_Memory_Erase_Command          0x08000ca5   Thumb Code    18  commands.o(i.User_Space_Memory_Erase_Command)
    Write_Memory_Command                     0x08000cc1   Thumb Code   256  commands.o(i.Write_Memory_Command)
    __0printf$8                              0x08000e0d   Thumb Code    22  printf8.o(i.__0printf$8)
    __1printf$8                              0x08000e0d   Thumb Code     0  printf8.o(i.__0printf$8)
    __2printf                                0x08000e0d   Thumb Code     0  printf8.o(i.__0printf$8)
    __scatterload_copy                       0x08000e2d   Thumb Code    14  handlers.o(i.__scatterload_copy)
    __scatterload_null                       0x08000e3b   Thumb Code     2  handlers.o(i.__scatterload_null)
    __scatterload_zeroinit                   0x08000e3d   Thumb Code    14  handlers.o(i.__scatterload_zeroinit)
    fputc                                    0x080012c5   Thumb Code    30  main.o(i.fputc)
    iap_i2c_init                             0x080012e9   Thumb Code    60  main.o(i.iap_i2c_init)
    iap_i2c_loop                             0x08001331   Thumb Code   120  main.o(i.iap_i2c_loop)
    iap_i2c_try_loop                         0x080013b5   Thumb Code   160  main.o(i.iap_i2c_try_loop)
    main                                     0x080014e9   Thumb Code    98  main.o(i.main)
    watchdog_init                            0x080015b9   Thumb Code    10  watchdog.o(i.watchdog_init)
    watchdog_pin_init                        0x080015c5   Thumb Code    36  watchdog.o(i.watchdog_pin_init)
    watchdog_reset                           0x080015ed   Thumb Code    40  watchdog.o(i.watchdog_reset)
    Region$$Table$$Base                      0x0800161c   Number         0  anon$$obj.o(Region$$Table)
    Region$$Table$$Limit                     0x0800163c   Number         0  anon$$obj.o(Region$$Table)
    i2c_event                                0x20000000   Data           1  main.o(.data)
    opcode                                   0x20000001   Data           1  main.o(.data)
    g_bTryLoopRun                            0x20000002   Data           1  main.o(.data)
    Jump_To_Application                      0x20000004   Data           4  main.o(.data)
    JumpAddress                              0x20000008   Data           4  main.o(.data)
    NVIC_InitStructure                       0x2000000c   Data           4  config.o(.data)
    op_result                                0x20000011   Data           1  commands.o(.data)
    Tx_Idx                                   0x20000012   Data           2  stm32f10x_it.o(.data)
    Rx_Idx                                   0x20000014   Data           2  stm32f10x_it.o(.data)
    u32SystemTick                            0x20000018   Data           4  system_tick.o(.data)
    __stdout                                 0x20000034   Data           4  stdout.o(.data)
    I2C_InitStructure                        0x20000038   Data          16  main.o(.bss)
    I2C_CH_Buffer_Tx                         0x20000048   Data        1200  commands.o(.bss)
    I2C_CH_Buffer_Rx                         0x200004f8   Data        2400  commands.o(.bss)
    g_RCC_Clocks                             0x20000e58   Data          20  system_tick.o(.bss)
    __initial_sp                             0x20001270   Data           0  startup_stm32f10x_md_vl.o(STACK)



==============================================================================

Memory Map of the image

  Image Entry point : 0x08000121

  Load Region LR_IROM1 (Base: 0x08000000, Size: 0x00001674, Max: 0x00004000, ABSOLUTE)

    Execution Region ER_IROM1 (Base: 0x08000000, Size: 0x0000163c, Max: 0x00004000, ABSOLUTE)

    Base Addr    Size         Type   Attr      Idx    E Section Name        Object

    0x08000000   0x00000120   Data   RO         1360    RESET               startup_stm32f10x_md_vl.o
    0x08000120   0x00000000   Code   RO         1410  * .ARM.Collect$$$$00000000  mc_w.l(entry.o)
    0x08000120   0x00000004   Code   RO         1674    .ARM.Collect$$$$00000001  mc_w.l(entry2.o)
    0x08000124   0x00000004   Code   RO         1677    .ARM.Collect$$$$00000004  mc_w.l(entry5.o)
    0x08000128   0x00000000   Code   RO         1679    .ARM.Collect$$$$00000008  mc_w.l(entry7b.o)
    0x08000128   0x00000008   Code   RO         1680    .ARM.Collect$$$$00000009  mc_w.l(entry8.o)
    0x08000130   0x00000004   Code   RO         1675    .ARM.Collect$$$$00002712  mc_w.l(entry2.o)
    0x08000134   0x00000020   Code   RO         1366    .emb_text           core_cm3.o
    0x08000154   0x00000024   Code   RO         1361    .text               startup_stm32f10x_md_vl.o
    0x08000178   0x00000062   Code   RO         1684    .text               mc_w.l(uldiv.o)
    0x080001da   0x00000002   PAD
    0x080001dc   0x00000024   Code   RO         1697    .text               mc_w.l(init.o)
    0x08000200   0x0000001e   Code   RO         1699    .text               mc_w.l(llshl.o)
    0x0800021e   0x00000020   Code   RO         1701    .text               mc_w.l(llushr.o)
    0x0800023e   0x00000002   PAD
    0x08000240   0x0000000c   Code   RO         1107    i.BKP_ReadBackupRegister  stm32f10x_bkp.o
    0x0800024c   0x0000000c   Code   RO         1111    i.BKP_WriteBackupRegister  stm32f10x_bkp.o
    0x08000258   0x00000002   Code   RO          199    i.BusFault_Handler  stm32f10x_it.o
    0x0800025a   0x00000002   Code   RO          200    i.DebugMon_Handler  stm32f10x_it.o
    0x0800025c   0x00000050   Code   RO          142    i.Erase_Page        commands.o
    0x080002ac   0x0000005c   Code   RO          143    i.Erase_Page_Command  commands.o
    0x08000308   0x0000000c   Code   RO          724    i.FLASH_ClearFlag   stm32f10x_flash.o
    0x08000314   0x0000003c   Code   RO          729    i.FLASH_ErasePage   stm32f10x_flash.o
    0x08000350   0x00000028   Code   RO          730    i.FLASH_GetBank1Status  stm32f10x_flash.o
    0x08000378   0x00000034   Code   RO          742    i.FLASH_ProgramHalfWord  stm32f10x_flash.o
    0x080003ac   0x00000018   Code   RO          747    i.FLASH_Unlock      stm32f10x_flash.o
    0x080003c4   0x00000024   Code   RO          751    i.FLASH_WaitForLastOperation  stm32f10x_flash.o
    0x080003e8   0x0000003c   Code   RO          111    i.GPIO_Configuration  config.o
    0x08000424   0x000000a4   Code   RO          374    i.GPIO_Init         stm32f10x_gpio.o
    0x080004c8   0x00000004   Code   RO          381    i.GPIO_ResetBits    stm32f10x_gpio.o
    0x080004cc   0x00000004   Code   RO          382    i.GPIO_SetBits      stm32f10x_gpio.o
    0x080004d0   0x00000002   Code   RO          201    i.HardFault_Handler  stm32f10x_it.o
    0x080004d2   0x00000002   PAD
    0x080004d4   0x00000054   Code   RO          202    i.I2C1_ER_IRQHandler  stm32f10x_it.o
    0x08000528   0x00000080   Code   RO          203    i.I2C1_EV_IRQHandler  stm32f10x_it.o
    0x080005a8   0x00000006   Code   RO          901    i.I2C_ClearITPendingBit  stm32f10x_i2c.o
    0x080005ae   0x00000014   Code   RO          902    i.I2C_Cmd           stm32f10x_i2c.o
    0x080005c2   0x00000002   PAD
    0x080005c4   0x0000002c   Code   RO          905    i.I2C_DeInit        stm32f10x_i2c.o
    0x080005f0   0x0000001e   Code   RO          911    i.I2C_GetFlagStatus  stm32f10x_i2c.o
    0x0800060e   0x00000020   Code   RO          912    i.I2C_GetITStatus   stm32f10x_i2c.o
    0x0800062e   0x0000000e   Code   RO          913    i.I2C_GetLastEvent  stm32f10x_i2c.o
    0x0800063c   0x00000010   Code   RO          915    i.I2C_ITConfig      stm32f10x_i2c.o
    0x0800064c   0x000000b8   Code   RO          916    i.I2C_Init          stm32f10x_i2c.o
    0x08000704   0x00000006   Code   RO          921    i.I2C_ReceiveData   stm32f10x_i2c.o
    0x0800070a   0x00000004   Code   RO          924    i.I2C_SendData      stm32f10x_i2c.o
    0x0800070e   0x00000002   PAD
    0x08000710   0x00000018   Code   RO          276    i.IsOnTime          system_tick.o
    0x08000728   0x00000002   Code   RO          204    i.MemManage_Handler  stm32f10x_it.o
    0x0800072a   0x00000002   Code   RO          205    i.NMI_Handler       stm32f10x_it.o
    0x0800072c   0x00000048   Code   RO          112    i.NVIC_Configuration  config.o
    0x08000774   0x00000064   Code   RO          688    i.NVIC_Init         misc.o
    0x080007d8   0x00000014   Code   RO          689    i.NVIC_PriorityGroupConfig  misc.o
    0x080007ec   0x00000014   Code   RO          690    i.NVIC_SetVectorTable  misc.o
    0x08000800   0x00000002   Code   RO          206    i.PendSV_Handler    stm32f10x_it.o
    0x08000802   0x00000002   PAD
    0x08000804   0x00000018   Code   RO          484    i.RCC_APB1PeriphClockCmd  stm32f10x_rcc.o
    0x0800081c   0x00000018   Code   RO          485    i.RCC_APB1PeriphResetCmd  stm32f10x_rcc.o
    0x08000834   0x00000018   Code   RO          486    i.RCC_APB2PeriphClockCmd  stm32f10x_rcc.o
    0x0800084c   0x00000016   Code   RO          113    i.RCC_Configuration  config.o
    0x08000862   0x00000002   PAD
    0x08000864   0x000000a8   Code   RO          494    i.RCC_GetClocksFreq  stm32f10x_rcc.o
    0x0800090c   0x00000030   Code   RO          495    i.RCC_GetFlagStatus  stm32f10x_rcc.o
    0x0800093c   0x00000010   Code   RO          497    i.RCC_GetSYSCLKSource  stm32f10x_rcc.o
    0x0800094c   0x00000014   Code   RO          498    i.RCC_HCLKConfig    stm32f10x_rcc.o
    0x08000960   0x0000000c   Code   RO          500    i.RCC_HSICmd        stm32f10x_rcc.o
    0x0800096c   0x00000014   Code   RO          505    i.RCC_PCLK1Config   stm32f10x_rcc.o
    0x08000980   0x00000014   Code   RO          506    i.RCC_PCLK2Config   stm32f10x_rcc.o
    0x08000994   0x0000000c   Code   RO          507    i.RCC_PLLCmd        stm32f10x_rcc.o
    0x080009a0   0x00000014   Code   RO          508    i.RCC_PLLConfig     stm32f10x_rcc.o
    0x080009b4   0x00000014   Code   RO          512    i.RCC_SYSCLKConfig  stm32f10x_rcc.o
    0x080009c8   0x00000020   Code   RO          144    i.Read_Add          commands.o
    0x080009e8   0x00000014   Code   RO          145    i.Read_Byte_Page_Number  commands.o
    0x080009fc   0x000000a0   Code   RO          146    i.Read_Memory_Command  commands.o
    0x08000a9c   0x0000000c   Code   RO          147    i.Read_Opcode       commands.o
    0x08000aa8   0x00000002   Code   RO          207    i.SVC_Handler       stm32f10x_it.o
    0x08000aaa   0x0000002a   Code   RO          278    i.SysTick_Compare   system_tick.o
    0x08000ad4   0x0000000c   Code   RO          279    i.SysTick_Get       system_tick.o
    0x08000ae0   0x00000004   Code   RO          208    i.SysTick_Handler   stm32f10x_it.o
    0x08000ae4   0x00000010   Code   RO          280    i.SysTick_Incremental  system_tick.o
    0x08000af4   0x00000044   Code   RO          281    i.SysTick_Start     system_tick.o
    0x08000b38   0x00000088   Code   RO         1377    i.SystemInit        system_stm32f10x.o
    0x08000bc0   0x00000014   Code   RO         1182    i.USART_Cmd         stm32f10x_usart.o
    0x08000bd4   0x0000000e   Code   RO         1185    i.USART_GetFlagStatus  stm32f10x_usart.o
    0x08000be2   0x00000002   PAD
    0x08000be4   0x000000b4   Code   RO         1189    i.USART_Init        stm32f10x_usart.o
    0x08000c98   0x00000008   Code   RO         1199    i.USART_SendData    stm32f10x_usart.o
    0x08000ca0   0x00000002   Code   RO          209    i.UsageFault_Handler  stm32f10x_it.o
    0x08000ca2   0x00000002   PAD
    0x08000ca4   0x0000001c   Code   RO          148    i.User_Space_Memory_Erase_Command  commands.o
    0x08000cc0   0x0000014c   Code   RO          149    i.Write_Memory_Command  commands.o
    0x08000e0c   0x00000020   Code   RO         1620    i.__0printf$8       mc_w.l(printf8.o)
    0x08000e2c   0x0000000e   Code   RO         1709    i.__scatterload_copy  mc_w.l(handlers.o)
    0x08000e3a   0x00000002   Code   RO         1710    i.__scatterload_null  mc_w.l(handlers.o)
    0x08000e3c   0x0000000e   Code   RO         1711    i.__scatterload_zeroinit  mc_w.l(handlers.o)
    0x08000e4a   0x00000002   PAD
    0x08000e4c   0x00000420   Code   RO         1627    i._printf_core      mc_w.l(printf8.o)
    0x0800126c   0x00000026   Code   RO         1628    i._printf_post_padding  mc_w.l(printf8.o)
    0x08001292   0x00000030   Code   RO         1629    i._printf_pre_padding  mc_w.l(printf8.o)
    0x080012c2   0x00000002   PAD
    0x080012c4   0x00000024   Code   RO            1    i.fputc             main.o
    0x080012e8   0x00000048   Code   RO            2    i.iap_i2c_init      main.o
    0x08001330   0x00000084   Code   RO            3    i.iap_i2c_loop      main.o
    0x080013b4   0x000000ac   Code   RO            4    i.iap_i2c_try_loop  main.o
    0x08001460   0x00000088   Code   RO            5    i.init_uart         main.o
    0x080014e8   0x000000d0   Code   RO            6    i.main              main.o
    0x080015b8   0x0000000a   Code   RO          343    i.watchdog_init     watchdog.o
    0x080015c2   0x00000002   PAD
    0x080015c4   0x00000028   Code   RO          344    i.watchdog_pin_init  watchdog.o
    0x080015ec   0x00000030   Code   RO          345    i.watchdog_reset    watchdog.o
    0x0800161c   0x00000020   Data   RO         1707    Region$$Table       anon$$obj.o


    Execution Region RW_IRAM1 (Base: 0x20000000, Size: 0x00001270, Max: 0x00002000, ABSOLUTE)

    Base Addr    Size         Type   Attr      Idx    E Section Name        Object

    0x20000000   0x0000000c   Data   RW            8    .data               main.o
    0x2000000c   0x00000004   Data   RW          114    .data               config.o
    0x20000010   0x00000002   Data   RW          151    .data               commands.o
    0x20000012   0x00000004   Data   RW          210    .data               stm32f10x_it.o
    0x20000016   0x00000002   PAD
    0x20000018   0x00000004   Data   RW          284    .data               system_tick.o
    0x2000001c   0x00000001   Data   RW          346    .data               watchdog.o
    0x2000001d   0x00000014   Data   RW          515    .data               stm32f10x_rcc.o
    0x20000031   0x00000003   PAD
    0x20000034   0x00000004   Data   RW         1681    .data               mc_w.l(stdout.o)
    0x20000038   0x00000010   Zero   RW            7    .bss                main.o
    0x20000048   0x00000e10   Zero   RW          150    .bss                commands.o
    0x20000e58   0x00000014   Zero   RW          283    .bss                system_tick.o
    0x20000e6c   0x00000004   PAD
    0x20000e70   0x00000400   Zero   RW         1358    STACK               startup_stm32f10x_md_vl.o


==============================================================================

Image component sizes


      Code (inc. data)   RO Data    RW Data    ZI Data      Debug   Object Name

       756        188          0          2       3600       5765   commands.o
       154         12          0          4          0       2167   config.o
        32          0          0          0          0        532   core_cm3.o
       756        162          0         12         16     254863   main.o
       140         28          0          0          0       1957   misc.o
        36          8        288          0       1024        836   startup_stm32f10x_md_vl.o
        24         12          0          0          0       2055   stm32f10x_bkp.o
       224         32          0          0          0       5204   stm32f10x_flash.o
       172          0          0          0          0       2836   stm32f10x_gpio.o
       356         14          0          0          0       7527   stm32f10x_i2c.o
       232         44          0          4          0       5666   stm32f10x_it.o
       428         88          0         20          0       9735   stm32f10x_rcc.o
       222          4          0          0          0       4016   stm32f10x_usart.o
       136         14          0          0          0        973   system_stm32f10x.o
       162         28          0          4         20      18387   system_tick.o
        98         12          0          1          0       1837   watchdog.o

    ----------------------------------------------------------------------
      3944        646        320         52       4664     324356   Object Totals
         0          0         32          0          0          0   (incl. Generated)
        16          0          0          5          4          0   (incl. Padding)

    ----------------------------------------------------------------------

      Code (inc. data)   RO Data    RW Data    ZI Data      Debug   Library Member Name

         0          0          0          0          0          0   entry.o
         8          4          0          0          0          0   entry2.o
         4          0          0          0          0          0   entry5.o
         0          0          0          0          0          0   entry7b.o
         8          4          0          0          0          0   entry8.o
        30          0          0          0          0          0   handlers.o
        36          8          0          0          0         68   init.o
        30          0          0          0          0         68   llshl.o
        32          0          0          0          0         68   llushr.o
      1174         56          0          0          0        352   printf8.o
         0          0          0          4          0          0   stdout.o
        98          0          0          0          0         92   uldiv.o

    ----------------------------------------------------------------------
      1428         72          0          4          0        648   Library Totals
         8          0          0          0          0          0   (incl. Padding)

    ----------------------------------------------------------------------

      Code (inc. data)   RO Data    RW Data    ZI Data      Debug   Library Name

      1420         72          0          4          0        648   mc_w.l

    ----------------------------------------------------------------------
      1428         72          0          4          0        648   Library Totals

    ----------------------------------------------------------------------

==============================================================================


      Code (inc. data)   RO Data    RW Data    ZI Data      Debug   

      5372        718        320         56       4664     320792   Grand Totals
      5372        718        320         56       4664     320792   ELF Image Totals
      5372        718        320         56          0          0   ROM Totals

==============================================================================

    Total RO  Size (Code + RO Data)                 5692 (   5.56kB)
    Total RW  Size (RW Data + ZI Data)              4720 (   4.61kB)
    Total ROM Size (Code + RO Data + RW Data)       5748 (   5.61kB)

==============================================================================

